Component: ARM Compiler 5.06 update 7 (build 960) Tool: armlink [4d3601]

==============================================================================

Section Cross References

    startup_stm32h750xx.o(STACK) refers (Special) to heapauxi.o(.text) for __use_two_region_memory
    startup_stm32h750xx.o(HEAP) refers (Special) to heapauxi.o(.text) for __use_two_region_memory
    startup_stm32h750xx.o(RESET) refers (Special) to heapauxi.o(.text) for __use_two_region_memory
    startup_stm32h750xx.o(RESET) refers to startup_stm32h750xx.o(STACK) for __initial_sp
    startup_stm32h750xx.o(RESET) refers to startup_stm32h750xx.o(.text) for Reset_Handler
    startup_stm32h750xx.o(RESET) refers to stm32h7xx_it.o(i.NMI_Handler) for NMI_Handler
    startup_stm32h750xx.o(RESET) refers to stm32h7xx_it.o(i.HardFault_Handler) for HardFault_Handler
    startup_stm32h750xx.o(RESET) refers to stm32h7xx_it.o(i.MemManage_Handler) for MemManage_Handler
    startup_stm32h750xx.o(RESET) refers to stm32h7xx_it.o(i.BusFault_Handler) for BusFault_Handler
    startup_stm32h750xx.o(RESET) refers to stm32h7xx_it.o(i.UsageFault_Handler) for UsageFault_Handler
    startup_stm32h750xx.o(RESET) refers to port.o(.emb_text) for SVC_Handler
    startup_stm32h750xx.o(RESET) refers to stm32h7xx_it.o(i.DebugMon_Handler) for DebugMon_Handler
    startup_stm32h750xx.o(RESET) refers to cmsis_os2.o(i.SysTick_Handler) for SysTick_Handler
    startup_stm32h750xx.o(RESET) refers to stm32h7xx_it.o(i.DMA1_Stream2_IRQHandler) for DMA1_Stream2_IRQHandler
    startup_stm32h750xx.o(RESET) refers to stm32h7xx_it.o(i.DMA1_Stream3_IRQHandler) for DMA1_Stream3_IRQHandler
    startup_stm32h750xx.o(RESET) refers to stm32h7xx_it.o(i.DMA1_Stream4_IRQHandler) for DMA1_Stream4_IRQHandler
    startup_stm32h750xx.o(RESET) refers to stm32h7xx_it.o(i.TIM1_UP_IRQHandler) for TIM1_UP_IRQHandler
    startup_stm32h750xx.o(RESET) refers to stm32h7xx_it.o(i.TIM2_IRQHandler) for TIM2_IRQHandler
    startup_stm32h750xx.o(RESET) refers to stm32h7xx_it.o(i.TIM3_IRQHandler) for TIM3_IRQHandler
    startup_stm32h750xx.o(RESET) refers to stm32h7xx_it.o(i.TIM4_IRQHandler) for TIM4_IRQHandler
    startup_stm32h750xx.o(RESET) refers to stm32h7xx_it.o(i.TIM8_UP_TIM13_IRQHandler) for TIM8_UP_TIM13_IRQHandler
    startup_stm32h750xx.o(RESET) refers to stm32h7xx_it.o(i.TIM5_IRQHandler) for TIM5_IRQHandler
    startup_stm32h750xx.o(RESET) refers to stm32h7xx_it.o(i.TIM7_IRQHandler) for TIM7_IRQHandler
    startup_stm32h750xx.o(.text) refers (Special) to heapauxi.o(.text) for __use_two_region_memory
    startup_stm32h750xx.o(.text) refers to system_stm32h7xx.o(i.SystemInit) for SystemInit
    startup_stm32h750xx.o(.text) refers to __main.o(!!!main) for __main
    startup_stm32h750xx.o(.text) refers to startup_stm32h750xx.o(HEAP) for Heap_Mem
    startup_stm32h750xx.o(.text) refers to startup_stm32h750xx.o(STACK) for Stack_Mem
    i2c_lcd.o(i.CLCD_I2C_BlinkOff) refers to i2c_lcd.o(i.CLCD_WriteI2C) for CLCD_WriteI2C
    i2c_lcd.o(i.CLCD_I2C_BlinkOn) refers to i2c_lcd.o(i.CLCD_WriteI2C) for CLCD_WriteI2C
    i2c_lcd.o(i.CLCD_I2C_Clear) refers to i2c_lcd.o(i.CLCD_WriteI2C) for CLCD_WriteI2C
    i2c_lcd.o(i.CLCD_I2C_Clear) refers to cmsis_os2.o(i.osDelay) for osDelay
    i2c_lcd.o(i.CLCD_I2C_CursorOff) refers to i2c_lcd.o(i.CLCD_WriteI2C) for CLCD_WriteI2C
    i2c_lcd.o(i.CLCD_I2C_CursorOn) refers to i2c_lcd.o(i.CLCD_WriteI2C) for CLCD_WriteI2C
    i2c_lcd.o(i.CLCD_I2C_Init) refers to cmsis_os2.o(i.osDelay) for osDelay
    i2c_lcd.o(i.CLCD_I2C_Init) refers to i2c_lcd.o(i.CLCD_WriteI2C) for CLCD_WriteI2C
    i2c_lcd.o(i.CLCD_I2C_ReturnHome) refers to i2c_lcd.o(i.CLCD_WriteI2C) for CLCD_WriteI2C
    i2c_lcd.o(i.CLCD_I2C_ReturnHome) refers to cmsis_os2.o(i.osDelay) for osDelay
    i2c_lcd.o(i.CLCD_I2C_SetCursor) refers to i2c_lcd.o(i.CLCD_WriteI2C) for CLCD_WriteI2C
    i2c_lcd.o(i.CLCD_I2C_WriteChar) refers to i2c_lcd.o(i.CLCD_WriteI2C) for CLCD_WriteI2C
    i2c_lcd.o(i.CLCD_I2C_WriteString) refers to i2c_lcd.o(i.CLCD_I2C_WriteChar) for CLCD_I2C_WriteChar
    i2c_lcd.o(i.CLCD_WriteI2C) refers to cmsis_os2.o(i.osDelay) for osDelay
    i2c_lcd.o(i.CLCD_WriteI2C) refers to stm32h7xx_hal_i2c.o(i.HAL_I2C_Master_Transmit) for HAL_I2C_Master_Transmit
    i2c_lcd.o(i.lcd_gotoxy) refers to i2c_lcd.o(i.CLCD_I2C_SetCursor) for CLCD_I2C_SetCursor
    i2c_lcd.o(i.lcd_gotoxy) refers to i2c_lcd.o(.bss) for .bss
    i2c_lcd.o(i.lcd_printBit) refers to i2c_lcd.o(i.CLCD_I2C_WriteString) for CLCD_I2C_WriteString
    i2c_lcd.o(i.lcd_printBit) refers to i2c_lcd.o(.bss) for .bss
    i2c_lcd.o(i.lcd_printFloat) refers to _printf_percent.o(.ARM.Collect$$_printf_percent$$00000000) for _printf_percent
    i2c_lcd.o(i.lcd_printFloat) refers to _printf_f.o(.ARM.Collect$$_printf_percent$$00000003) for _printf_f
    i2c_lcd.o(i.lcd_printFloat) refers to printf1.o(x$fpl$printf1) for _printf_fp_dec
    i2c_lcd.o(i.lcd_printFloat) refers to i2c_lcd.o(i.CLCD_I2C_SetCursor) for CLCD_I2C_SetCursor
[...]
    HAL_TIMEx_Break2Callback                 0x08005869   Thumb Code     2  stm32h7xx_hal_tim_ex.o(i.HAL_TIMEx_Break2Callback)
    HAL_TIMEx_BreakCallback                  0x0800586b   Thumb Code     2  stm32h7xx_hal_tim_ex.o(i.HAL_TIMEx_BreakCallback)
    HAL_TIMEx_CommutCallback                 0x0800586d   Thumb Code     2  stm32h7xx_hal_tim_ex.o(i.HAL_TIMEx_CommutCallback)
    HAL_TIMEx_MasterConfigSynchronization    0x08005871   Thumb Code   134  stm32h7xx_hal_tim_ex.o(i.HAL_TIMEx_MasterConfigSynchronization)
    HAL_TIM_Base_Init                        0x08005915   Thumb Code    98  stm32h7xx_hal_tim.o(i.HAL_TIM_Base_Init)
    HAL_TIM_Base_MspInit                     0x08005977   Thumb Code     2  stm32h7xx_hal_tim.o(i.HAL_TIM_Base_MspInit)
    HAL_TIM_Base_Start_IT                    0x08005979   Thumb Code   106  stm32h7xx_hal_tim.o(i.HAL_TIM_Base_Start_IT)
    HAL_TIM_Encoder_Init                     0x08005a05   Thumb Code   182  stm32h7xx_hal_tim.o(i.HAL_TIM_Encoder_Init)
    HAL_TIM_Encoder_MspInit                  0x08005ac1   Thumb Code   498  stm32h7xx_hal_msp.o(i.HAL_TIM_Encoder_MspInit)
    HAL_TIM_Encoder_Start                    0x08005ce5   Thumb Code   142  stm32h7xx_hal_tim.o(i.HAL_TIM_Encoder_Start)
    HAL_TIM_IC_CaptureCallback               0x08005d73   Thumb Code     2  stm32h7xx_hal_tim.o(i.HAL_TIM_IC_CaptureCallback)
    HAL_TIM_IRQHandler                       0x08005d75   Thumb Code   328  stm32h7xx_hal_tim.o(i.HAL_TIM_IRQHandler)
    HAL_TIM_MspPostInit                      0x08005ebd   Thumb Code    68  stm32h7xx_hal_msp.o(i.HAL_TIM_MspPostInit)
    HAL_TIM_OC_DelayElapsedCallback          0x08005f0d   Thumb Code     2  stm32h7xx_hal_tim.o(i.HAL_TIM_OC_DelayElapsedCallback)
    HAL_TIM_PWM_ConfigChannel                0x08005f0f   Thumb Code   292  stm32h7xx_hal_tim.o(i.HAL_TIM_PWM_ConfigChannel)
    HAL_TIM_PWM_Init                         0x08006033   Thumb Code    98  stm32h7xx_hal_tim.o(i.HAL_TIM_PWM_Init)
    HAL_TIM_PWM_MspInit                      0x08006095   Thumb Code    30  stm32h7xx_hal_msp.o(i.HAL_TIM_PWM_MspInit)
    HAL_TIM_PWM_PulseFinishedCallback        0x080060bd   Thumb Code     2  stm32h7xx_hal_tim.o(i.HAL_TIM_PWM_PulseFinishedCallback)
    HAL_TIM_PeriodElapsedCallback            0x080060c1   Thumb Code    14  main.o(i.HAL_TIM_PeriodElapsedCallback)
    HAL_TIM_TriggerCallback                  0x080060d5   Thumb Code     2  stm32h7xx_hal_tim.o(i.HAL_TIM_TriggerCallback)
    HAL_UARTEx_DisableFifoMode               0x080060d7   Thumb Code    64  stm32h7xx_hal_uart_ex.o(i.HAL_UARTEx_DisableFifoMode)
    HAL_UARTEx_RxEventCallback               0x08006117   Thumb Code     2  stm32h7xx_hal_uart.o(i.HAL_UARTEx_RxEventCallback)
    HAL_UARTEx_SetRxFifoThreshold            0x08006119   Thumb Code    76  stm32h7xx_hal_uart_ex.o(i.HAL_UARTEx_SetRxFifoThreshold)
    HAL_UARTEx_SetTxFifoThreshold            0x08006165   Thumb Code    76  stm32h7xx_hal_uart_ex.o(i.HAL_UARTEx_SetTxFifoThreshold)
    HAL_UART_DeInit                          0x080061b1   Thumb Code    70  stm32h7xx_hal_uart.o(i.HAL_UART_DeInit)
    HAL_UART_ErrorCallback                   0x080061f7   Thumb Code     2  stm32h7xx_hal_uart.o(i.HAL_UART_ErrorCallback)
    HAL_UART_Init                            0x080061f9   Thumb Code   106  stm32h7xx_hal_uart.o(i.HAL_UART_Init)
    HAL_UART_MspDeInit                       0x08006265   Thumb Code   194  stm32h7xx_hal_msp.o(i.HAL_UART_MspDeInit)
    HAL_UART_MspInit                         0x08006359   Thumb Code   920  stm32h7xx_hal_msp.o(i.HAL_UART_MspInit)
    HAL_UART_Receive_DMA                     0x08006735   Thumb Code    66  stm32h7xx_hal_uart.o(i.HAL_UART_Receive_DMA)
    HAL_UART_RxCpltCallback                  0x0800677d   Thumb Code     2  stm32h7xx_hal_uart.o(i.HAL_UART_RxCpltCallback)
    HAL_UART_RxHalfCpltCallback              0x0800677f   Thumb Code     2  stm32h7xx_hal_uart.o(i.HAL_UART_RxHalfCpltCallback)
    HAL_UART_Transmit                        0x08006781   Thumb Code   176  stm32h7xx_hal_uart.o(i.HAL_UART_Transmit)
    HAL_UART_Transmit_DMA                    0x08006831   Thumb Code   132  stm32h7xx_hal_uart.o(i.HAL_UART_Transmit_DMA)
    HAL_UART_TxCpltCallback                  0x080068c1   Thumb Code     2  stm32h7xx_hal_uart.o(i.HAL_UART_TxCpltCallback)
    HAL_UART_TxHalfCpltCallback              0x080068c3   Thumb Code     2  stm32h7xx_hal_uart.o(i.HAL_UART_TxHalfCpltCallback)
    HardFault_Handler                        0x080068c5   Thumb Code     2  stm32h7xx_it.o(i.HardFault_Handler)
    MemManage_Handler                        0x08007681   Thumb Code     2  stm32h7xx_it.o(i.MemManage_Handler)
    NMI_Handler                              0x08007683   Thumb Code     2  stm32h7xx_it.o(i.NMI_Handler)
    PID_Compute                              0x08007685   Thumb Code    68  3swervewheel.o(i.PID_Compute)
    ResetEn_0hRo                             0x08007909   Thumb Code    16  main.o(i.ResetEn_0hRo)
    ResetEn_10hRo                            0x08007921   Thumb Code    14  main.o(i.ResetEn_10hRo)
    ResetEn_2hChay                           0x08007939   Thumb Code    16  main.o(i.ResetEn_2hChay)
    ResetEn_4hRo                             0x0800794d   Thumb Code    16  main.o(i.ResetEn_4hRo)
    ResetEn_8hChay                           0x08007965   Thumb Code    16  main.o(i.ResetEn_8hChay)
    ResetEn_8hRo                             0x0800797d   Thumb Code    16  main.o(i.ResetEn_8hRo)
    ResetEncoder_FULL                        0x08007995   Thumb Code    30  main.o(i.ResetEncoder_FULL)
    StartADCTask04                           0x080079b3   Thumb Code    12  main.o(i.StartADCTask04)
    StartLCDTask05                           0x080079c1   Thumb Code    68  main.o(i.StartLCDTask05)
    StartMainTask                            0x08007a15   Thumb Code    28  main.o(i.StartMainTask)
    StartSensorTask02                        0x08007a39   Thumb Code    32  main.o(i.StartSensorTask02)
    StartSwerveTask03                        0x08007a65   Thumb Code    66  main.o(i.StartSwerveTask03)
    SysTick_Handler                          0x08007ac5   Thumb Code    26  cmsis_os2.o(i.SysTick_Handler)
    SystemClock_Config                       0x08007ae1   Thumb Code   208  main.o(i.SystemClock_Config)
    SystemInit                               0x08007bbd   Thumb Code   180  system_stm32h7xx.o(i.SystemInit)
    TIM1_UP_IRQHandler                       0x08007c99   Thumb Code    50  stm32h7xx_it.o(i.TIM1_UP_IRQHandler)
    TIM2_IRQHandler                          0x08007cd5   Thumb Code    50  stm32h7xx_it.o(i.TIM2_IRQHandler)
    TIM3_IRQHandler                          0x08007d11   Thumb Code    50  stm32h7xx_it.o(i.TIM3_IRQHandler)
    TIM4_IRQHandler                          0x08007d4d   Thumb Code    50  stm32h7xx_it.o(i.TIM4_IRQHandler)
    TIM5_IRQHandler                          0x08007d89   Thumb Code    50  stm32h7xx_it.o(i.TIM5_IRQHandler)
    TIM7_IRQHandler                          0x08007dc5   Thumb Code    16  stm32h7xx_it.o(i.TIM7_IRQHandler)
    TIM8_UP_TIM13_IRQHandler                 0x08007dd9   Thumb Code    50  stm32h7xx_it.o(i.TIM8_UP_TIM13_IRQHandler)
    TIM_Base_SetConfig                       0x08007e15   Thumb Code   176  stm32h7xx_hal_tim.o(i.TIM_Base_SetConfig)
    TIM_CCxChannelCmd                        0x08007ee5   Thumb Code    26  stm32h7xx_hal_tim.o(i.TIM_CCxChannelCmd)
    TIM_OC2_SetConfig                        0x08007fa5   Thumb Code   126  stm32h7xx_hal_tim.o(i.TIM_OC2_SetConfig)
    UART_AdvFeatureConfig                    0x08008279   Thumb Code   200  stm32h7xx_hal_uart.o(i.UART_AdvFeatureConfig)
    UART_CheckIdleState                      0x08008341   Thumb Code   170  stm32h7xx_hal_uart.o(i.UART_CheckIdleState)
    UART_SetConfig                           0x080085a9   Thumb Code   876  stm32h7xx_hal_uart.o(i.UART_SetConfig)
    UART_Start_Receive_DMA                   0x08008955   Thumb Code   156  stm32h7xx_hal_uart.o(i.UART_Start_Receive_DMA)
    UART_WaitOnFlagUntilTimeout              0x080089fd   Thumb Code   148  stm32h7xx_hal_uart.o(i.UART_WaitOnFlagUntilTimeout)
    UsageFault_Handler                       0x08008a91   Thumb Code     2  stm32h7xx_it.o(i.UsageFault_Handler)
    __ARM_fpclassify                         0x08008a93   Thumb Code    48  fpclassify.o(i.__ARM_fpclassify)
    __hardfp_atan                            0x08008ae9   Thumb Code   402  atan.o(i.__hardfp_atan)
    __hardfp_atan2                           0x08008ce9   Thumb Code   392  atan2.o(i.__hardfp_atan2)
    __hardfp_cos                             0x08008eb1   Thumb Code   158  cos.o(i.__hardfp_cos)
    __hardfp_fmod                            0x08008f61   Thumb Code   246  fmod.o(i.__hardfp_fmod)
    __hardfp_pow                             0x08009061   Thumb Code  2140  pow.o(i.__hardfp_pow)
    __hardfp_sin                             0x08009959   Thumb Code   158  sin.o(i.__hardfp_sin)
    __hardfp_sqrt                            0x08009a09   Thumb Code   102  sqrt.o(i.__hardfp_sqrt)
    __ieee754_rem_pio2                       0x08009a71   Thumb Code   646  rred.o(i.__ieee754_rem_pio2)
    __kernel_cos                             0x08009d81   Thumb Code   182  cos_i.o(i.__kernel_cos)
    __kernel_poly                            0x08009e61   Thumb Code   112  poly.o(i.__kernel_poly)
    __kernel_sin                             0x08009ed1   Thumb Code   144  sin_i.o(i.__kernel_sin)
    __mathlib_dbl_divzero                    0x08009f79   Thumb Code    14  dunder.o(i.__mathlib_dbl_divzero)
    __mathlib_dbl_infnan                     0x08009f99   Thumb Code     6  dunder.o(i.__mathlib_dbl_infnan)
    __mathlib_dbl_infnan2                    0x08009f9f   Thumb Code     6  dunder.o(i.__mathlib_dbl_infnan2)
    __mathlib_dbl_invalid                    0x08009fa9   Thumb Code    10  dunder.o(i.__mathlib_dbl_invalid)
    __mathlib_dbl_overflow                   0x08009fc1   Thumb Code    10  dunder.o(i.__mathlib_dbl_overflow)
    __mathlib_dbl_underflow                  0x08009fd9   Thumb Code    10  dunder.o(i.__mathlib_dbl_underflow)
    _is_digit                                0x08009ff1   Thumb Code    14  __printf_wp.o(i._is_digit)
    atan                                     0x08009fff   Thumb Code    16  atan.o(i.atan)
    calculateJoystickOutput                  0x0800a011   Thumb Code    82  main.o(i.calculateJoystickOutput)
    chay3Banh                                0x0800a071   Thumb Code    10  main.o(i.chay3Banh)
    closestAngle                             0x0800a081   Thumb Code   104  main.o(i.closestAngle)
    en_0hRo                                  0x0800a0ed   Thumb Code     8  main.o(i.en_0hRo)
    en_4hRo                                  0x0800a0f9   Thumb Code    14  main.o(i.en_4hRo)
    en_8hRo                                  0x0800a10d   Thumb Code    14  main.o(i.en_8hRo)
    fabs                                     0x0800a121   Thumb Code    24  fabs.o(i.fabs)
    findSection                              0x0800a139   Thumb Code   112  3swervewheel.o(i.findSection)
    gamePad                                  0x0800a1c5   Thumb Code   110  main.o(i.gamePad)
    get_Gamepad_Bluetouch                    0x0800a23d   Thumb Code    66  main.o(i.get_Gamepad_Bluetouch)
    lcdViewer                                0x0800a289   Thumb Code   582  main.o(i.lcdViewer)
    lcd_printInt                             0x0800a56d   Thumb Code    38  i2c_lcd.o(i.lcd_printInt)
    lcd_printStr                             0x0800a5a1   Thumb Code    26  i2c_lcd.o(i.lcd_printStr)
    main                                     0x0800a5c1   Thumb Code   474  main.o(i.main)
    map                                      0x0800a7cd   Thumb Code    20  main.o(i.map)
    modulo                                   0x0800a7e1   Thumb Code    18  main.o(i.modulo)
    motor0hRo                                0x0800a7f5   Thumb Code    32  main.o(i.motor0hRo)
    motor4hRo                                0x0800a819   Thumb Code    32  main.o(i.motor4hRo)
    motor8hRo                                0x0800a83d   Thumb Code    32  main.o(i.motor8hRo)
    osDelay                                  0x0800a861   Thumb Code    28  cmsis_os2.o(i.osDelay)
    osKernelInitialize                       0x0800a87d   Thumb Code    32  cmsis_os2.o(i.osKernelInitialize)
    osKernelStart                            0x0800a8a1   Thumb Code    48  cmsis_os2.o(i.osKernelStart)
    osThreadNew                              0x0800a8d9   Thumb Code   144  cmsis_os2.o(i.osThreadNew)
    putchar4                                 0x0800b101   Thumb Code    18  ala_config.o(i.putchar4)
    pvPortMalloc                             0x0800b119   Thumb Code   216  heap_4.o(i.pvPortMalloc)
    pxPortInitialiseStack                    0x0800b1f5   Thumb Code    42  port.o(i.pxPortInitialiseStack)
    quayGoc0h                                0x0800b225   Thumb Code   150  main.o(i.quayGoc0h)
    quayGoc3Banh                             0x0800b2d1   Thumb Code    26  main.o(i.quayGoc3Banh)
    quayGoc4h                                0x0800b2ed   Thumb Code   150  main.o(i.quayGoc4h)
    quayGoc8h                                0x0800b399   Thumb Code   150  main.o(i.quayGoc8h)
    quyDoiEncoder                            0x0800b445   Thumb Code    26  main.o(i.quyDoiEncoder)
    robotAngle                               0x0800b469   Thumb Code    10  3swervewheel.o(i.robotAngle)
    robotRun                                 0x0800b479   Thumb Code   232  3swervewheel.o(i.robotRun)
    robotStop                                0x0800b57d   Thumb Code    12  3swervewheel.o(i.robotStop)
    runSnake                                 0x0800b58d   Thumb Code    34  3swervewheel.o(i.runSnake)
    sendData_Gamepad_Grygo                   0x0800b5b5   Thumb Code     6  ala_config.o(i.sendData_Gamepad_Grygo)
    setDirection0h                           0x0800b5bd   Thumb Code    62  main.o(i.setDirection0h)
    setDirection4h                           0x0800b601   Thumb Code    62  main.o(i.setDirection4h)
    setDirection8h                           0x0800b645   Thumb Code    62  main.o(i.setDirection8h)
    signum                                   0x0800b689   Thumb Code    38  main.o(i.signum)
    sqrt                                     0x0800b6b5   Thumb Code   106  sqrt.o(i.sqrt)
    tinhToanGoc                              0x0800b721   Thumb Code   554  3swervewheel.o(i.tinhToanGoc)
    update_accumulated_yaw                   0x0800b969   Thumb Code    54  main.o(i.update_accumulated_yaw)
    update_encoder_value                     0x0800b9a5   Thumb Code   242  main.o(i.update_encoder_value)
    uxListRemove                             0x0800bab1   Thumb Code    38  list.o(i.uxListRemove)
    vApplicationGetIdleTaskMemory            0x0800bad9   Thumb Code    18  cmsis_os2.o(i.vApplicationGetIdleTaskMemory)
    vApplicationGetTimerTaskMemory           0x0800baf1   Thumb Code    20  cmsis_os2.o(i.vApplicationGetTimerTaskMemory)
    vListInitialise                          0x0800bb09   Thumb Code    22  list.o(i.vListInitialise)
    vListInitialiseItem                      0x0800bb1f   Thumb Code     6  list.o(i.vListInitialiseItem)
    vListInsert                              0x0800bb25   Thumb Code    48  list.o(i.vListInsert)
    vListInsertEnd                           0x0800bb55   Thumb Code    24  list.o(i.vListInsertEnd)
    vPortEnterCritical                       0x0800bb6d   Thumb Code    54  port.o(i.vPortEnterCritical)
    vPortExitCritical                        0x0800bbad   Thumb Code    34  port.o(i.vPortExitCritical)
    vPortFree                                0x0800bbd5   Thumb Code    94  heap_4.o(i.vPortFree)
    vPortSetupTimerInterrupt                 0x0800bc39   Thumb Code    32  port.o(i.vPortSetupTimerInterrupt)
    vPortValidateInterruptPriority           0x0800bc5d   Thumb Code    74  port.o(i.vPortValidateInterruptPriority)
    vQueueAddToRegistry                      0x0800bcb1   Thumb Code    34  queue.o(i.vQueueAddToRegistry)
    vQueueWaitForMessageRestricted           0x0800bcd9   Thumb Code    68  queue.o(i.vQueueWaitForMessageRestricted)
    vTaskDelay                               0x0800bd1d   Thumb Code    66  tasks.o(i.vTaskDelay)
    vTaskInternalSetTimeOutState             0x0800bd69   Thumb Code    12  tasks.o(i.vTaskInternalSetTimeOutState)
    vTaskMissedYield                         0x0800bd79   Thumb Code     8  tasks.o(i.vTaskMissedYield)
    vTaskPlaceOnEventList                    0x0800bd85   Thumb Code    44  tasks.o(i.vTaskPlaceOnEventList)
    vTaskPlaceOnEventListRestricted          0x0800bdb5   Thumb Code    52  tasks.o(i.vTaskPlaceOnEventListRestricted)
    vTaskStartScheduler                      0x0800bded   Thumb Code   118  tasks.o(i.vTaskStartScheduler)
    vTaskSuspendAll                          0x0800be75   Thumb Code    10  tasks.o(i.vTaskSuspendAll)
    vTaskSwitchContext                       0x0800be85   Thumb Code    90  tasks.o(i.vTaskSwitchContext)
    veHome                                   0x0800bee9   Thumb Code   332  main.o(i.veHome)
    xPortStartScheduler                      0x0800c03d   Thumb Code   222  port.o(i.xPortStartScheduler)
    xPortSysTickHandler                      0x0800c131   Thumb Code    38  port.o(i.xPortSysTickHandler)
    xQueueGenericCreateStatic                0x0800c15d   Thumb Code   102  queue.o(i.xQueueGenericCreateStatic)
    xQueueGenericReset                       0x0800c1c5   Thumb Code   144  queue.o(i.xQueueGenericReset)
    xQueueGenericSend                        0x0800c259   Thumb Code   346  queue.o(i.xQueueGenericSend)
    xQueueGenericSendFromISR                 0x0800c3b9   Thumb Code   190  queue.o(i.xQueueGenericSendFromISR)
    xQueueReceive                            0x0800c479   Thumb Code   310  queue.o(i.xQueueReceive)
    xTaskCheckForTimeOut                     0x0800c5b5   Thumb Code   116  tasks.o(i.xTaskCheckForTimeOut)
    xTaskCreate                              0x0800c62d   Thumb Code    90  tasks.o(i.xTaskCreate)
    xTaskCreateStatic                        0x0800c687   Thumb Code    86  tasks.o(i.xTaskCreateStatic)
    xTaskGetSchedulerState                   0x0800c6dd   Thumb Code    22  tasks.o(i.xTaskGetSchedulerState)
    xTaskGetTickCount                        0x0800c6f9   Thumb Code     6  tasks.o(i.xTaskGetTickCount)
    xTaskIncrementTick                       0x0800c705   Thumb Code   192  tasks.o(i.xTaskIncrementTick)
    xTaskPriorityDisinherit                  0x0800c7cd   Thumb Code   116  tasks.o(i.xTaskPriorityDisinherit)
    xTaskRemoveFromEventList                 0x0800c849   Thumb Code   100  tasks.o(i.xTaskRemoveFromEventList)
    xTaskResumeAll                           0x0800c8b9   Thumb Code   184  tasks.o(i.xTaskResumeAll)
    xTimerCreateTimerTask                    0x0800c97d   Thumb Code    78  timers.o(i.xTimerCreateTimerTask)
    xTimerGenericCommand                     0x0800c9dd   Thumb Code    98  timers.o(i.xTimerGenericCommand)
    __fpl_dcheck_NaN1                        0x0800ca45   Thumb Code    10  dcheck1.o(x$fpl$dcheck1)
    __fpl_dnaninf                            0x0800ca55   Thumb Code   156  dnaninf.o(x$fpl$dnaninf)
    _drem                                    0x0800caf1   Thumb Code   328  drem_clz.o(x$fpl$drem)
    _fp_init                                 0x0800cc41   Thumb Code    10  fpinit.o(x$fpl$fpinit)
    __fplib_config_fpu_vfp                   0x0800cc49   Thumb Code     0  fpinit.o(x$fpl$fpinit)
    __fplib_config_pureend_doubles           0x0800cc49   Thumb Code     0  fpinit.o(x$fpl$fpinit)
    __fpl_return_NaN                         0x0800cc4b   Thumb Code   100  retnan.o(x$fpl$retnan)
    __ARM_scalbn                             0x0800ccaf   Thumb Code    92  scalbn.o(x$fpl$scalbn)
    __fpl_cmpreturn                          0x0800cd0b   Thumb Code    48  trapv.o(x$fpl$trapveneer)
    __I$use$fp                               0x0800cd3a   Number         0  usenofp.o(x$fpl$usenofp)
    mainTask_attributes                      0x0800cd3c   Data          36  main.o(.constdata)
    sensorTask02_attributes                  0x0800cd60   Data          36  main.o(.constdata)
    swerveTask03_attributes                  0x0800cd84   Data          36  main.o(.constdata)
    ADCTask04_attributes                     0x0800cda8   Data          36  main.o(.constdata)
    LCDTask05_attributes                     0x0800cdcc   Data          36  main.o(.constdata)
    UARTPrescTable                           0x0800ce54   Data          24  stm32h7xx_hal_uart.o(.constdata)
    D1CorePrescTable                         0x0800ce7c   Data          16  system_stm32h7xx.o(.constdata)
    __mathlib_zero                           0x0800cff0   Data           8  qnan.o(.constdata)
    Region$$Table$$Base                      0x0800d12c   Number         0  anon$$obj.o(Region$$Table)
    Region$$Table$$Limit                     0x0800d14c   Number         0  anon$$obj.o(Region$$Table)
    part                                     0x24000004   Data           4  3swervewheel.o(.data)
    _0hRO                                    0x24000008   Data           4  3swervewheel.o(.data)
    _4hRO                                    0x2400000c   Data           4  3swervewheel.o(.data)
    _8hRO                                    0x24000010   Data           4  3swervewheel.o(.data)
    _speed0h                                 0x24000014   Data           4  3swervewheel.o(.data)
    _speed4h                                 0x24000018   Data           4  3swervewheel.o(.data)
    _speed8h                                 0x2400001c   Data           4  3swervewheel.o(.data)
    _0h                                      0x24000020   Data           4  3swervewheel.o(.data)
    _4h                                      0x24000024   Data           4  3swervewheel.o(.data)
    _8h                                      0x24000028   Data           4  3swervewheel.o(.data)
    _robotChange                             0x2400002c   Data           4  3swervewheel.o(.data)
    IMURobotRun                              0x24000030   Data           4  3swervewheel.o(.data)
    chenhLechTocDo                           0x24000034   Data           4  3swervewheel.o(.data)
    TARGET_SPEED                             0x24000038   Data           4  3swervewheel.o(.data)
    currentSpeed                             0x2400003c   Data           4  3swervewheel.o(.data)
    increment                                0x24000040   Data           4  3swervewheel.o(.data)
    deviation_angle                          0x24000044   Data           4  3swervewheel.o(.data)
    V0hx                                     0x24000048   Data           4  3swervewheel.o(.data)
    V0hy                                     0x2400004c   Data           4  3swervewheel.o(.data)
    V4hx                                     0x24000050   Data           4  3swervewheel.o(.data)
    V4hy                                     0x24000054   Data           4  3swervewheel.o(.data)
    V8hx                                     0x24000058   Data           4  3swervewheel.o(.data)
    V8hy                                     0x2400005c   Data           4  3swervewheel.o(.data)
    speed0h                                  0x24000060   Data           4  3swervewheel.o(.data)
    speed4h                                  0x24000064   Data           4  3swervewheel.o(.data)
    speed8h                                  0x24000068   Data           4  3swervewheel.o(.data)
    angle0h                                  0x2400006c   Data           4  3swervewheel.o(.data)
    angle4h                                  0x24000070   Data           4  3swervewheel.o(.data)
    angle8h                                  0x24000074   Data           4  3swervewheel.o(.data)
    pidRunStraight                           0x24000078   Data           8  3swervewheel.o(.data)
    first_run_yaw                            0x24000080   Data           1  main.o(.data)
    bit_veHome                               0x24000081   Data           1  main.o(.data)
    bitNgatBanh0h                            0x24000082   Data           1  main.o(.data)
    bitNgatBanh4h                            0x24000083   Data           1  main.o(.data)
    bitNgatBanh8h                            0x24000084   Data           1  main.o(.data)
    modeLCD_Show                             0x24000085   Data           1  main.o(.data)
    accumulated_yaw                          0x24000088   Data           2  main.o(.data)
    previous_yaw                             0x2400008a   Data           2  main.o(.data)
    encoder_count_T1                         0x2400008c   Data           2  main.o(.data)
    encoder_count_T2                         0x2400008e   Data           2  main.o(.data)
    encoder_count_T3                         0x24000090   Data           2  main.o(.data)
    encoder_count_T4                         0x24000092   Data           2  main.o(.data)
    encoder_count_T5                         0x24000094   Data           2  main.o(.data)
    encoder_count_T8                         0x24000096   Data           2  main.o(.data)
    prev_encoder_count_T1                    0x24000098   Data           2  main.o(.data)
    prev_encoder_count_T2                    0x2400009a   Data           2  main.o(.data)
    prev_encoder_count_T3                    0x2400009c   Data           2  main.o(.data)
    prev_encoder_count_T4                    0x2400009e   Data           2  main.o(.data)
    prev_encoder_count_T5                    0x240000a0   Data           2  main.o(.data)
    prev_encoder_count_T8                    0x240000a2   Data           2  main.o(.data)
    IMU_china                                0x240000a4   Data           2  main.o(.data)
    speedGocQuay0h                           0x240000a8   Data           4  main.o(.data)
    erGocQuay0h                              0x240000ac   Data           4  main.o(.data)
    lastErGocQuay0h                          0x240000b0   Data           4  main.o(.data)
    KdGocQuay0h                              0x240000b4   Data           4  main.o(.data)
    KiGocQuay0h                              0x240000b8   Data           4  main.o(.data)
    KpGocQuay0h                              0x240000bc   Data           4  main.o(.data)
    speedGocQuay4h                           0x240000c0   Data           4  main.o(.data)
    erGocQuay4h                              0x240000c4   Data           4  main.o(.data)
    lastErGocQuay4h                          0x240000c8   Data           4  main.o(.data)
    KdGocQuay4h                              0x240000cc   Data           4  main.o(.data)
    KiGocQuay4h                              0x240000d0   Data           4  main.o(.data)
    KpGocQuay4h                              0x240000d4   Data           4  main.o(.data)
    speedGocQuay8h                           0x240000d8   Data           4  main.o(.data)
    erGocQuay8h                              0x240000dc   Data           4  main.o(.data)
    lastErGocQuay8h                          0x240000e0   Data           4  main.o(.data)
    KdGocQuay8h                              0x240000e4   Data           4  main.o(.data)
    KiGocQuay8h                              0x240000e8   Data           4  main.o(.data)
    KpGocQuay8h                              0x240000ec   Data           4  main.o(.data)
    angle                                    0x240000f0   Data           4  main.o(.data)
    magnitude                                0x240000f4   Data           4  main.o(.data)
    encoder_value_T1                         0x240000f8   Data           4  main.o(.data)
    encoder_value_T2                         0x240000fc   Data           4  main.o(.data)
    encoder_value_T3                         0x24000100   Data           4  main.o(.data)
    encoder_value_T4                         0x24000104   Data           4  main.o(.data)
    encoder_value_T5                         0x24000108   Data           4  main.o(.data)
    encoder_value_T8                         0x2400010c   Data           4  main.o(.data)
    mainTaskHandle                           0x24000118   Data           4  main.o(.data)
    sensorTask02Handle                       0x2400011c   Data           4  main.o(.data)
    swerveTask03Handle                       0x24000120   Data           4  main.o(.data)
    ADCTask04Handle                          0x24000124   Data           4  main.o(.data)
    LCDTask05Handle                          0x24000128   Data           4  main.o(.data)
    MANG_GAME                                0x2400012c   Data           8  main.o(.data)
    IMU                                      0x24000134   Data           2  main.o(.data)
    num_over_t1                              0x2400013c   Data           4  ala_config.o(.data)
    num_over_t2                              0x24000140   Data           4  ala_config.o(.data)
    num_over_t3                              0x24000144   Data           4  ala_config.o(.data)
    num_over_t4                              0x24000148   Data           4  ala_config.o(.data)
    num_over_t5                              0x2400014c   Data           4  ala_config.o(.data)
    num_over_t8                              0x24000150   Data           4  ala_config.o(.data)
    motorData                                0x24000154   Data          80  ala_config.o(.data)
    uwTickFreq                               0x240001a4   Data           1  stm32h7xx_hal.o(.data)
    uwTickPrio                               0x240001a8   Data           4  stm32h7xx_hal.o(.data)
    uwTick                                   0x240001ac   Data           4  stm32h7xx_hal.o(.data)
    SystemCoreClock                          0x240001b0   Data           4  system_stm32h7xx.o(.data)
    SystemD2Clock                            0x240001b4   Data           4  system_stm32h7xx.o(.data)
    pxCurrentTCB                             0x240001b8   Data           4  tasks.o(.data)
    LCD1                                     0x24000238   Data          12  i2c_lcd.o(.bss)
    GP_BTN                                   0x24000244   Data          10  main.o(.bss)
    _ADC                                     0x24000250   Data          44  main.o(.bss)
    _ADC_SUM                                 0x2400027c   Data          44  main.o(.bss)
    RX_UART4                                 0x240002a8   Data          10  main.o(.bss)
    RX_UART5                                 0x240002b2   Data          11  main.o(.bss)
    adc_data                                 0x240002be   Data          22  main.o(.bss)
    hadc1                                    0x240002d4   Data         100  main.o(.bss)
    hfdcan1                                  0x24000338   Data         160  main.o(.bss)
    hfdcan2                                  0x240003d8   Data         160  main.o(.bss)
    hi2c1                                    0x24000478   Data          84  main.o(.bss)
    hi2c2                                    0x240004cc   Data          84  main.o(.bss)
    hi2c3                                    0x24000520   Data          84  main.o(.bss)
    hi2c4                                    0x24000574   Data          84  main.o(.bss)
    hspi4                                    0x240005c8   Data         136  main.o(.bss)
    htim1                                    0x24000650   Data          76  main.o(.bss)
    htim2                                    0x2400069c   Data          76  main.o(.bss)
    htim3                                    0x240006e8   Data          76  main.o(.bss)
    htim4                                    0x24000734   Data          76  main.o(.bss)
    htim5                                    0x24000780   Data          76  main.o(.bss)
    htim8                                    0x240007cc   Data          76  main.o(.bss)
    htim12                                   0x24000818   Data          76  main.o(.bss)
    huart4                                   0x24000864   Data         148  main.o(.bss)
    huart5                                   0x240008f8   Data         148  main.o(.bss)
    huart7                                   0x2400098c   Data         148  main.o(.bss)
    huart8                                   0x24000a20   Data         148  main.o(.bss)
    huart1                                   0x24000ab4   Data         148  main.o(.bss)
    huart2                                   0x24000b48   Data         148  main.o(.bss)
    huart3                                   0x24000bdc   Data         148  main.o(.bss)
    hdma_adc1                                0x24000c70   Data         120  main.o(.bss)
    hdma_uart4_rx                            0x24000ce8   Data         120  main.o(.bss)
    hdma_uart5_rx                            0x24000d60   Data         120  main.o(.bss)
    hdma_usart1_tx                           0x24000dd8   Data         120  main.o(.bss)
    hdma_usart3_rx                           0x24000e50   Data         120  main.o(.bss)
    htim7                                    0x24000ec8   Data          76  stm32h7xx_hal_timebase_tim.o(.bss)
    xQueueRegistry                           0x24000f14   Data          64  queue.o(.bss)
    __libspace_start                         0x240057e8   Data          96  libspace.o(.bss)
    __temporary_stack_top$libspace           0x24005848   Data           0  libspace.o(.bss)



==============================================================================

Memory Map of the image

  Image Entry point : 0x08000299

  Load Region LR_IROM1 (Base: 0x08000000, Size: 0x0000d384, Max: 0x00020000, ABSOLUTE, COMPRESSED[0x0000d1a4])

    Execution Region ER_IROM1 (Exec base: 0x08000000, Load base: 0x08000000, Size: 0x0000d14c, Max: 0x00020000, ABSOLUTE)

    Exec Addr    Load Addr    Size         Type   Attr      Idx    E Section Name        Object

    0x08000000   0x08000000   0x00000298   Data   RO            3    RESET               startup_stm32h750xx.o
    0x08000298   0x08000298   0x00000008   Code   RO         8536  * !!!main             c_w.l(__main.o)
    0x080002a0   0x080002a0   0x00000034   Code   RO         8924    !!!scatter          c_w.l(__scatter.o)
    0x080002d4   0x080002d4   0x0000003a   Code   RO         8922    !!dczerorl          c_w.l(__dczerorl.o)
    0x0800030e   0x0800030e   0x00000002   PAD
    0x08000310   0x08000310   0x0000001c   Code   RO         8926    !!handler_zi        c_w.l(__scatter_zi.o)
    0x0800032c   0x0800032c   0x00000000   Code   RO         8523    .ARM.Collect$$_printf_percent$$00000000  c_w.l(_printf_percent.o)
    0x0800032c   0x0800032c   0x00000006   Code   RO         8521    .ARM.Collect$$_printf_percent$$00000008  c_w.l(_printf_i.o)
    0x08000332   0x08000332   0x00000004   Code   RO         8643    .ARM.Collect$$_printf_percent$$00000017  c_w.l(_printf_percent_end.o)
    0x08000336   0x08000336   0x00000002   Code   RO         8789    .ARM.Collect$$libinit$$00000000  c_w.l(libinit.o)
    0x08000338   0x08000338   0x00000004   Code   RO         8790    .ARM.Collect$$libinit$$00000001  c_w.l(libinit2.o)
    0x0800033c   0x0800033c   0x00000000   Code   RO         8793    .ARM.Collect$$libinit$$00000004  c_w.l(libinit2.o)
    0x0800033c   0x0800033c   0x00000000   Code   RO         8796    .ARM.Collect$$libinit$$0000000A  c_w.l(libinit2.o)
    0x0800033c   0x0800033c   0x00000000   Code   RO         8798    .ARM.Collect$$libinit$$0000000C  c_w.l(libinit2.o)
    0x0800033c   0x0800033c   0x00000000   Code   RO         8800    .ARM.Collect$$libinit$$0000000E  c_w.l(libinit2.o)
    0x0800033c   0x0800033c   0x00000000   Code   RO         8803    .ARM.Collect$$libinit$$00000011  c_w.l(libinit2.o)
    0x0800033c   0x0800033c   0x00000000   Code   RO         8805    .ARM.Collect$$libinit$$00000013  c_w.l(libinit2.o)
    0x0800033c   0x0800033c   0x00000000   Code   RO         8807    .ARM.Collect$$libinit$$00000015  c_w.l(libinit2.o)
    0x0800033c   0x0800033c   0x00000000   Code   RO         8809    .ARM.Collect$$libinit$$00000017  c_w.l(libinit2.o)
    0x0800033c   0x0800033c   0x00000000   Code   RO         8811    .ARM.Collect$$libinit$$00000019  c_w.l(libinit2.o)
    0x0800033c   0x0800033c   0x00000000   Code   RO         8813    .ARM.Collect$$libinit$$0000001B  c_w.l(libinit2.o)
    0x0800033c   0x0800033c   0x00000000   Code   RO         8815    .ARM.Collect$$libinit$$0000001D  c_w.l(libinit2.o)
    0x0800033c   0x0800033c   0x00000000   Code   RO         8817    .ARM.Collect$$libinit$$0000001F  c_w.l(libinit2.o)
    0x0800033c   0x0800033c   0x00000000   Code   RO         8819    .ARM.Collect$$libinit$$00000021  c_w.l(libinit2.o)
    0x0800033c   0x0800033c   0x00000000   Code   RO         8821    .ARM.Collect$$libinit$$00000023  c_w.l(libinit2.o)
    0x0800033c   0x0800033c   0x00000000   Code   RO         8823    .ARM.Collect$$libinit$$00000025  c_w.l(libinit2.o)
    0x0800033c   0x0800033c   0x00000000   Code   RO         8827    .ARM.Collect$$libinit$$0000002C  c_w.l(libinit2.o)
    0x0800033c   0x0800033c   0x00000000   Code   RO         8829    .ARM.Collect$$libinit$$0000002E  c_w.l(libinit2.o)
    0x0800033c   0x0800033c   0x00000000   Code   RO         8831    .ARM.Collect$$libinit$$00000030  c_w.l(libinit2.o)
    0x0800033c   0x0800033c   0x00000000   Code   RO         8833    .ARM.Collect$$libinit$$00000032  c_w.l(libinit2.o)
    0x0800033c   0x0800033c   0x00000002   Code   RO         8834    .ARM.Collect$$libinit$$00000033  c_w.l(libinit2.o)
    0x0800033e   0x0800033e   0x00000002   Code   RO         8885    .ARM.Collect$$libshutdown$$00000000  c_w.l(libshutdown.o)
    0x08000340   0x08000340   0x00000000   Code   RO         8903    .ARM.Collect$$libshutdown$$00000002  c_w.l(libshutdown2.o)
    0x08000340   0x08000340   0x00000000   Code   RO         8905    .ARM.Collect$$libshutdown$$00000004  c_w.l(libshutdown2.o)
    0x08000340   0x08000340   0x00000000   Code   RO         8907    .ARM.Collect$$libshutdown$$00000006  c_w.l(libshutdown2.o)
    0x08000340   0x08000340   0x00000000   Code   RO         8910    .ARM.Collect$$libshutdown$$00000009  c_w.l(libshutdown2.o)
    0x08000340   0x08000340   0x00000000   Code   RO         8913    .ARM.Collect$$libshutdown$$0000000C  c_w.l(libshutdown2.o)
    0x08000340   0x08000340   0x00000000   Code   RO         8915    .ARM.Collect$$libshutdown$$0000000E  c_w.l(libshutdown2.o)
    0x08000340   0x08000340   0x00000000   Code   RO         8918    .ARM.Collect$$libshutdown$$00000011  c_w.l(libshutdown2.o)
    0x08000340   0x08000340   0x00000002   Code   RO         8919    .ARM.Collect$$libshutdown$$00000012  c_w.l(libshutdown2.o)
    0x08000342   0x08000342   0x00000000   Code   RO         8628    .ARM.Collect$$rtentry$$00000000  c_w.l(__rtentry.o)
    0x08000342   0x08000342   0x00000000   Code   RO         8705    .ARM.Collect$$rtentry$$00000002  c_w.l(__rtentry2.o)
    0x08000342   0x08000342   0x00000006   Code   RO         8717    .ARM.Collect$$rtentry$$00000004  c_w.l(__rtentry4.o)
    0x08000348   0x08000348   0x00000000   Code   RO         8707    .ARM.Collect$$rtentry$$00000009  c_w.l(__rtentry2.o)
    0x08000348   0x08000348   0x00000004   Code   RO         8708    .ARM.Collect$$rtentry$$0000000A  c_w.l(__rtentry2.o)
    0x0800034c   0x0800034c   0x00000000   Code   RO         8710    .ARM.Collect$$rtentry$$0000000C  c_w.l(__rtentry2.o)
    0x0800034c   0x0800034c   0x00000008   Code   RO         8711    .ARM.Collect$$rtentry$$0000000D  c_w.l(__rtentry2.o)
    0x08000354   0x08000354   0x00000002   Code   RO         8837    .ARM.Collect$$rtexit$$00000000  c_w.l(rtexit.o)
    0x08000356   0x08000356   0x00000000   Code   RO         8854    .ARM.Collect$$rtexit$$00000002  c_w.l(rtexit2.o)
    0x08000356   0x08000356   0x00000004   Code   RO         8855    .ARM.Collect$$rtexit$$00000003  c_w.l(rtexit2.o)
    0x0800035a   0x0800035a   0x00000006   Code   RO         8856    .ARM.Collect$$rtexit$$00000004  c_w.l(rtexit2.o)
    0x08000360   0x08000360   0x000000be   Code   RO         8412    .emb_text           port.o
    0x0800041e   0x0800041e   0x00000002   PAD
    0x08000420   0x08000420   0x00000040   Code   RO            4    .text               startup_stm32h750xx.o
    0x08000460   0x08000460   0x000000ee   Code   RO         8491    .text               c_w.l(lludivv7m.o)
    0x0800054e   0x0800054e   0x00000002   PAD
    0x08000550   0x08000550   0x00000028   Code   RO         8495    .text               c_w.l(noretval__2sprintf.o)
    0x08000578   0x08000578   0x00000078   Code   RO         8499    .text               c_w.l(_printf_dec.o)
    0x080005f0   0x080005f0   0x00000138   Code   RO         8513    .text               c_w.l(__printf_flags_wp.o)
    0x08000728   0x08000728   0x0000008a   Code   RO         8524    .text               c_w.l(rt_memcpy_v6.o)
    0x080007b2   0x080007b2   0x00000064   Code   RO         8526    .text               c_w.l(rt_memcpy_w.o)
    0x08000816   0x08000816   0x00000010   Code   RO         8530    .text               c_w.l(aeabi_memset.o)
    0x08000826   0x08000826   0x0000004e   Code   RO         8532    .text               c_w.l(rt_memclr_w.o)
    0x08000874   0x08000874   0x00000006   Code   RO         8534    .text               c_w.l(heapauxi.o)
    0x0800087a   0x0800087a   0x00000016   Code   RO         8633    .text               c_w.l(_rserrno.o)
    0x08000890   0x08000890   0x000000b2   Code   RO         8635    .text               c_w.l(_printf_intcommon.o)
    0x08000942   0x08000942   0x00000002   PAD
    0x08000944   0x08000944   0x00000030   Code   RO         8639    .text               c_w.l(_printf_char_common.o)
    0x08000974   0x08000974   0x0000000a   Code   RO         8641    .text               c_w.l(_sputc.o)
    0x0800097e   0x0800097e   0x00000044   Code   RO         8644    .text               c_w.l(rt_memclr.o)
    0x080009c2   0x080009c2   0x00000002   PAD
    0x080009c4   0x080009c4   0x00000008   Code   RO         8729    .text               c_w.l(rt_errno_addr_intlibspace.o)
    0x080009cc   0x080009cc   0x00000008   Code   RO         8771    .text               c_w.l(libspace.o)
    0x080009d4   0x080009d4   0x0000004a   Code   RO         8774    .text               c_w.l(sys_stackheap_outer.o)
    0x08000a1e   0x08000a1e   0x00000012   Code   RO         8776    .text               c_w.l(exit.o)
    0x08000a30   0x08000a30   0x0000000c   Code   RO         8851    .text               c_w.l(sys_exit.o)
    0x08000a3c   0x08000a3c   0x00000002   Code   RO         8872    .text               c_w.l(use_no_semi.o)
    0x08000a3e   0x08000a3e   0x00000000   Code   RO         8874    .text               c_w.l(indicate_semi.o)
    0x08000a3e   0x08000a3e   0x00000002   PAD
    0x08000a40   0x08000a40   0x00000108   Code   RO         1364    i.ADC_ConfigureBoostMode  stm32h7xx_hal_adc.o
    0x08000b48   0x08000b48   0x00000068   Code   RO         1366    i.ADC_DMAConvCplt   stm32h7xx_hal_adc.o
    0x08000bb0   0x08000bb0   0x0000001a   Code   RO         1367    i.ADC_DMAError      stm32h7xx_hal_adc.o
    0x08000bca   0x08000bca   0x0000000a   Code   RO         1368    i.ADC_DMAHalfConvCplt  stm32h7xx_hal_adc.o
    0x08000bd4   0x08000bd4   0x000000a8   Code   RO         1370    i.ADC_Enable        stm32h7xx_hal_adc.o
    0x08000c7c   0x08000c7c   0x00000002   Code   RO         1000    i.BusFault_Handler  stm32h7xx_it.o
    0x08000c7e   0x08000c7e   0x00000014   Code   RO           15    i.CLCD_I2C_Clear    i2c_lcd.o
    0x08000c92   0x08000c92   0x000000ac   Code   RO           18    i.CLCD_I2C_Init     i2c_lcd.o
    0x08000d3e   0x08000d3e   0x00000044   Code   RO           20    i.CLCD_I2C_SetCursor  i2c_lcd.o
    0x08000d82   0x08000d82   0x00000006   Code   RO           21    i.CLCD_I2C_WriteChar  i2c_lcd.o
    0x08000d88   0x08000d88   0x00000018   Code   RO           22    i.CLCD_I2C_WriteString  i2c_lcd.o
    0x08000da0   0x08000da0   0x0000006a   Code   RO           23    i.CLCD_WriteI2C     i2c_lcd.o
    0x08000e0a   0x08000e0a   0x00000002   PAD
    0x08000e0c   0x08000e0c   0x00000050   Code   RO         1001    i.DMA1_Stream2_IRQHandler  stm32h7xx_it.o
    0x08000e5c   0x08000e5c   0x00000028   Code   RO         1002    i.DMA1_Stream3_IRQHandler  stm32h7xx_it.o
    0x08000e84   0x08000e84   0x000000a0   Code   RO         1003    i.DMA1_Stream4_IRQHandler  stm32h7xx_it.o
    0x08000f24   0x08000f24   0x000000b4   Code   RO         2435    i.DMA_CalcBaseAndBitshift  stm32h7xx_hal_dma.o
    0x08000fd8   0x08000fd8   0x0000009c   Code   RO         2436    i.DMA_CalcDMAMUXChannelBaseAndMask  stm32h7xx_hal_dma.o
    0x08001074   0x08001074   0x00000074   Code   RO         2437    i.DMA_CalcDMAMUXRequestGenBaseAndMask  stm32h7xx_hal_dma.o
    0x080010e8   0x080010e8   0x00000054   Code   RO         2438    i.DMA_CheckFifoParam  stm32h7xx_hal_dma.o
    0x0800113c   0x0800113c   0x00000220   Code   RO         2439    i.DMA_SetConfig     stm32h7xx_hal_dma.o
    0x0800135c   0x0800135c   0x00000002   Code   RO         1004    i.DebugMon_Handler  stm32h7xx_it.o
    0x0800135e   0x0800135e   0x00000004   Code   RO          439    i.Error_Handler     main.o
    0x08001362   0x08001362   0x00000002   PAD
    0x08001364   0x08001364   0x000001c8   Code   RO         4205    i.FDCAN_CalcultateRamBlockAddresses  stm32h7xx_hal_fdcan.o
    0x0800152c   0x0800152c   0x00000128   Code   RO         1606    i.HAL_ADCEx_MultiModeConfigChannel  stm32h7xx_hal_adc_ex.o
    0x08001654   0x08001654   0x000003d8   Code   RO         1372    i.HAL_ADC_ConfigChannel  stm32h7xx_hal_adc.o
    0x08001a2c   0x08001a2c   0x00000002   Code   RO         1373    i.HAL_ADC_ConvCpltCallback  stm32h7xx_hal_adc.o
    0x08001a2e   0x08001a2e   0x00000002   Code   RO         1374    i.HAL_ADC_ConvHalfCpltCallback  stm32h7xx_hal_adc.o
    0x08001a30   0x08001a30   0x00000002   Code   RO         1376    i.HAL_ADC_ErrorCallback  stm32h7xx_hal_adc.o
    0x08001a32   0x08001a32   0x00000002   PAD
    0x08001a34   0x08001a34   0x00000228   Code   RO         1381    i.HAL_ADC_Init      stm32h7xx_hal_adc.o
    0x08001c5c   0x08001c5c   0x00000114   Code   RO         1120    i.HAL_ADC_MspInit   stm32h7xx_hal_msp.o
    0x08001d70   0x08001d70   0x00000108   Code   RO         1388    i.HAL_ADC_Start_DMA  stm32h7xx_hal_adc.o
    0x08001e78   0x08001e78   0x000001e8   Code   RO         2442    i.HAL_DMA_DeInit    stm32h7xx_hal_dma.o
    0x08002060   0x08002060   0x000006e8   Code   RO         2445    i.HAL_DMA_IRQHandler  stm32h7xx_hal_dma.o
    0x08002748   0x08002748   0x000003c4   Code   RO         2446    i.HAL_DMA_Init      stm32h7xx_hal_dma.o
    0x08002b0c   0x08002b0c   0x0000029c   Code   RO         2450    i.HAL_DMA_Start_IT  stm32h7xx_hal_dma.o
    0x08002da8   0x08002da8   0x00000244   Code   RO         4257    i.HAL_FDCAN_Init    stm32h7xx_hal_fdcan.o
    0x08002fec   0x08002fec   0x00000104   Code   RO         1122    i.HAL_FDCAN_MspInit  stm32h7xx_hal_msp.o
    0x080030f0   0x080030f0   0x00000170   Code   RO         2285    i.HAL_GPIO_DeInit   stm32h7xx_hal_gpio.o
    0x08003260   0x08003260   0x0000022c   Code   RO         2288    i.HAL_GPIO_Init     stm32h7xx_hal_gpio.o
    0x0800348c   0x0800348c   0x0000000a   Code   RO         2290    i.HAL_GPIO_ReadPin  stm32h7xx_hal_gpio.o
    0x08003496   0x08003496   0x00000010   Code   RO         2291    i.HAL_GPIO_TogglePin  stm32h7xx_hal_gpio.o
    0x080034a6   0x080034a6   0x0000000a   Code   RO         2292    i.HAL_GPIO_WritePin  stm32h7xx_hal_gpio.o
    0x080034b0   0x080034b0   0x0000000c   Code   RO         3313    i.HAL_GetREVID      stm32h7xx_hal.o
    0x080034bc   0x080034bc   0x0000000c   Code   RO         3314    i.HAL_GetTick       stm32h7xx_hal.o
    0x080034c8   0x080034c8   0x00000058   Code   RO         4079    i.HAL_I2CEx_ConfigAnalogFilter  stm32h7xx_hal_i2c_ex.o
    0x08003520   0x08003520   0x00000054   Code   RO         4080    i.HAL_I2CEx_ConfigDigitalFilter  stm32h7xx_hal_i2c_ex.o
    0x08003574   0x08003574   0x000000c0   Code   RO         3618    i.HAL_I2C_Init      stm32h7xx_hal_i2c.o
    0x08003634   0x08003634   0x0000014c   Code   RO         3631    i.HAL_I2C_Master_Transmit  stm32h7xx_hal_i2c.o
    0x08003780   0x08003780   0x000001d4   Code   RO         1124    i.HAL_I2C_MspInit   stm32h7xx_hal_msp.o
    0x08003954   0x08003954   0x00000010   Code   RO         3320    i.HAL_IncTick       stm32h7xx_hal.o
    0x08003964   0x08003964   0x0000005c   Code   RO         3321    i.HAL_Init          stm32h7xx_hal.o
    0x080039c0   0x080039c0   0x0000008c   Code   RO         1236    i.HAL_InitTick      stm32h7xx_hal_timebase_tim.o
    0x08003a4c   0x08003a4c   0x0000005c   Code   RO         3143    i.HAL_MPU_ConfigRegion  stm32h7xx_hal_cortex.o
    0x08003aa8   0x08003aa8   0x0000001c   Code   RO         3144    i.HAL_MPU_Disable   stm32h7xx_hal_cortex.o
    0x08003ac4   0x08003ac4   0x00000024   Code   RO         3146    i.HAL_MPU_Enable    stm32h7xx_hal_cortex.o
    0x08003ae8   0x08003ae8   0x00000024   Code   RO         1125    i.HAL_MspInit       stm32h7xx_hal_msp.o
    0x08003b0c   0x08003b0c   0x00000022   Code   RO         3149    i.HAL_NVIC_DisableIRQ  stm32h7xx_hal_cortex.o
    0x08003b2e   0x08003b2e   0x0000001a   Code   RO         3150    i.HAL_NVIC_EnableIRQ  stm32h7xx_hal_cortex.o
    0x08003b48   0x08003b48   0x00000040   Code   RO         3156    i.HAL_NVIC_SetPriority  stm32h7xx_hal_cortex.o
    0x08003b88   0x08003b88   0x00000024   Code   RO         3157    i.HAL_NVIC_SetPriorityGrouping  stm32h7xx_hal_cortex.o
    0x08003bac   0x08003bac   0x00000054   Code   RO         2889    i.HAL_PWREx_ConfigSupply  stm32h7xx_hal_pwr_ex.o
    0x08003c00   0x08003c00   0x00000024   Code   RO         1931    i.HAL_RCCEx_GetD3PCLK1Freq  stm32h7xx_hal_rcc_ex.o
    0x08003c24   0x08003c24   0x00000148   Code   RO         1932    i.HAL_RCCEx_GetPLL1ClockFreq  stm32h7xx_hal_rcc_ex.o
    0x08003d6c   0x08003d6c   0x00000144   Code   RO         1933    i.HAL_RCCEx_GetPLL2ClockFreq  stm32h7xx_hal_rcc_ex.o
    0x08003eb0   0x08003eb0   0x00000144   Code   RO         1934    i.HAL_RCCEx_GetPLL3ClockFreq  stm32h7xx_hal_rcc_ex.o
    0x08003ff4   0x08003ff4   0x000002c8   Code   RO         1936    i.HAL_RCCEx_GetPeriphCLKFreq  stm32h7xx_hal_rcc_ex.o
    0x080042bc   0x080042bc   0x000009ac   Code   RO         1940    i.HAL_RCCEx_PeriphCLKConfig  stm32h7xx_hal_rcc_ex.o
    0x08004c68   0x08004c68   0x0000025c   Code   RO         1816    i.HAL_RCC_ClockConfig  stm32h7xx_hal_rcc.o
    0x08004ec4   0x08004ec4   0x0000005c   Code   RO         1820    i.HAL_RCC_GetClockConfig  stm32h7xx_hal_rcc.o
    0x08004f20   0x08004f20   0x00000044   Code   RO         1821    i.HAL_RCC_GetHCLKFreq  stm32h7xx_hal_rcc.o
    0x08004f64   0x08004f64   0x00000024   Code   RO         1823    i.HAL_RCC_GetPCLK1Freq  stm32h7xx_hal_rcc.o
    0x08004f88   0x08004f88   0x00000024   Code   RO         1824    i.HAL_RCC_GetPCLK2Freq  stm32h7xx_hal_rcc.o
    0x08004fac   0x08004fac   0x00000138   Code   RO         1825    i.HAL_RCC_GetSysClockFreq  stm32h7xx_hal_rcc.o
    0x080050e4   0x080050e4   0x00000582   Code   RO         1828    i.HAL_RCC_OscConfig  stm32h7xx_hal_rcc.o
    0x08005666   0x08005666   0x00000002   PAD
    0x08005668   0x08005668   0x0000017c   Code   RO         4834    i.HAL_SPI_Init      stm32h7xx_hal_spi.o
    0x080057e4   0x080057e4   0x00000084   Code   RO         1127    i.HAL_SPI_MspInit   stm32h7xx_hal_msp.o
    0x08005868   0x08005868   0x00000002   Code   RO         5868    i.HAL_TIMEx_Break2Callback  stm32h7xx_hal_tim_ex.o
    0x0800586a   0x0800586a   0x00000002   Code   RO         5869    i.HAL_TIMEx_BreakCallback  stm32h7xx_hal_tim_ex.o
    0x0800586c   0x0800586c   0x00000002   Code   RO         5870    i.HAL_TIMEx_CommutCallback  stm32h7xx_hal_tim_ex.o
    0x0800586e   0x0800586e   0x00000002   PAD
    0x08005870   0x08005870   0x000000a4   Code   RO         5890    i.HAL_TIMEx_MasterConfigSynchronization  stm32h7xx_hal_tim_ex.o
    0x08005914   0x08005914   0x00000062   Code   RO         5154    i.HAL_TIM_Base_Init  stm32h7xx_hal_tim.o
    0x08005976   0x08005976   0x00000002   Code   RO         5156    i.HAL_TIM_Base_MspInit  stm32h7xx_hal_tim.o
    0x08005978   0x08005978   0x0000008c   Code   RO         5159    i.HAL_TIM_Base_Start_IT  stm32h7xx_hal_tim.o
    0x08005a04   0x08005a04   0x000000bc   Code   RO         5175    i.HAL_TIM_Encoder_Init  stm32h7xx_hal_tim.o
    0x08005ac0   0x08005ac0   0x00000224   Code   RO         1129    i.HAL_TIM_Encoder_MspInit  stm32h7xx_hal_msp.o
    0x08005ce4   0x08005ce4   0x0000008e   Code   RO         5178    i.HAL_TIM_Encoder_Start  stm32h7xx_hal_tim.o
    0x08005d72   0x08005d72   0x00000002   Code   RO         5188    i.HAL_TIM_IC_CaptureCallback  stm32h7xx_hal_tim.o
    0x08005d74   0x08005d74   0x00000148   Code   RO         5202    i.HAL_TIM_IRQHandler  stm32h7xx_hal_tim.o
    0x08005ebc   0x08005ebc   0x00000050   Code   RO         1130    i.HAL_TIM_MspPostInit  stm32h7xx_hal_msp.o
    0x08005f0c   0x08005f0c   0x00000002   Code   RO         5205    i.HAL_TIM_OC_DelayElapsedCallback  stm32h7xx_hal_tim.o
    0x08005f0e   0x08005f0e   0x00000124   Code   RO         5226    i.HAL_TIM_PWM_ConfigChannel  stm32h7xx_hal_tim.o
    0x08006032   0x08006032   0x00000062   Code   RO         5229    i.HAL_TIM_PWM_Init  stm32h7xx_hal_tim.o
    0x08006094   0x08006094   0x00000028   Code   RO         1132    i.HAL_TIM_PWM_MspInit  stm32h7xx_hal_msp.o
    0x080060bc   0x080060bc   0x00000002   Code   RO         5232    i.HAL_TIM_PWM_PulseFinishedCallback  stm32h7xx_hal_tim.o
    0x080060be   0x080060be   0x00000002   PAD
    0x080060c0   0x080060c0   0x00000014   Code   RO          440    i.HAL_TIM_PeriodElapsedCallback  main.o
    0x080060d4   0x080060d4   0x00000002   Code   RO         5245    i.HAL_TIM_TriggerCallback  stm32h7xx_hal_tim.o
    0x080060d6   0x080060d6   0x00000040   Code   RO         6579    i.HAL_UARTEx_DisableFifoMode  stm32h7xx_hal_uart_ex.o
    0x08006116   0x08006116   0x00000002   Code   RO         6168    i.HAL_UARTEx_RxEventCallback  stm32h7xx_hal_uart.o
    0x08006118   0x08006118   0x0000004c   Code   RO         6588    i.HAL_UARTEx_SetRxFifoThreshold  stm32h7xx_hal_uart_ex.o
    0x08006164   0x08006164   0x0000004c   Code   RO         6589    i.HAL_UARTEx_SetTxFifoThreshold  stm32h7xx_hal_uart_ex.o
    0x080061b0   0x080061b0   0x00000046   Code   RO         6181    i.HAL_UART_DeInit   stm32h7xx_hal_uart.o
    0x080061f6   0x080061f6   0x00000002   Code   RO         6184    i.HAL_UART_ErrorCallback  stm32h7xx_hal_uart.o
    0x080061f8   0x080061f8   0x0000006a   Code   RO         6188    i.HAL_UART_Init     stm32h7xx_hal_uart.o
    0x08006262   0x08006262   0x00000002   PAD
    0x08006264   0x08006264   0x000000f4   Code   RO         1133    i.HAL_UART_MspDeInit  stm32h7xx_hal_msp.o
    0x08006358   0x08006358   0x000003dc   Code   RO         1134    i.HAL_UART_MspInit  stm32h7xx_hal_msp.o
    0x08006734   0x08006734   0x00000048   Code   RO         6192    i.HAL_UART_Receive_DMA  stm32h7xx_hal_uart.o
    0x0800677c   0x0800677c   0x00000002   Code   RO         6195    i.HAL_UART_RxCpltCallback  stm32h7xx_hal_uart.o
    0x0800677e   0x0800677e   0x00000002   Code   RO         6196    i.HAL_UART_RxHalfCpltCallback  stm32h7xx_hal_uart.o
    0x08006780   0x08006780   0x000000b0   Code   RO         6197    i.HAL_UART_Transmit  stm32h7xx_hal_uart.o
    0x08006830   0x08006830   0x00000090   Code   RO         6198    i.HAL_UART_Transmit_DMA  stm32h7xx_hal_uart.o
    0x080068c0   0x080068c0   0x00000002   Code   RO         6200    i.HAL_UART_TxCpltCallback  stm32h7xx_hal_uart.o
    0x080068c2   0x080068c2   0x00000002   Code   RO         6201    i.HAL_UART_TxHalfCpltCallback  stm32h7xx_hal_uart.o
    0x080068c4   0x080068c4   0x00000002   Code   RO         1005    i.HardFault_Handler  stm32h7xx_it.o
    0x080068c6   0x080068c6   0x00000022   Code   RO         3665    i.I2C_Flush_TXDR    stm32h7xx_hal_i2c.o
    0x080068e8   0x080068e8   0x00000110   Code   RO         3673    i.I2C_IsErrorOccurred  stm32h7xx_hal_i2c.o
    0x080069f8   0x080069f8   0x00000030   Code   RO         3682    i.I2C_TransferConfig  stm32h7xx_hal_i2c.o
    0x08006a28   0x08006a28   0x0000007c   Code   RO         3684    i.I2C_WaitOnFlagUntilTimeout  stm32h7xx_hal_i2c.o
    0x08006aa4   0x08006aa4   0x00000058   Code   RO         3686    i.I2C_WaitOnSTOPFlagUntilTimeout  stm32h7xx_hal_i2c.o
    0x08006afc   0x08006afc   0x0000005c   Code   RO         3687    i.I2C_WaitOnTXISFlagUntilTimeout  stm32h7xx_hal_i2c.o
    0x08006b58   0x08006b58   0x00000008   Code   RO         1393    i.LL_ADC_INJ_IsConversionOngoing  stm32h7xx_hal_adc.o
    0x08006b60   0x08006b60   0x00000008   Code   RO         1394    i.LL_ADC_REG_IsConversionOngoing  stm32h7xx_hal_adc.o
    0x08006b68   0x08006b68   0x00000008   Code   RO         1616    i.LL_ADC_REG_IsConversionOngoing  stm32h7xx_hal_adc_ex.o
    0x08006b70   0x08006b70   0x00000010   Code   RO         1395    i.LL_ADC_REG_IsTriggerSourceSWStart  stm32h7xx_hal_adc.o
    0x08006b80   0x08006b80   0x0000001e   Code   RO         1397    i.LL_ADC_SetChannelSamplingTime  stm32h7xx_hal_adc.o
    0x08006b9e   0x08006b9e   0x00000002   PAD
    0x08006ba0   0x08006ba0   0x000001bc   Code   RO          441    i.MX_ADC1_Init      main.o
    0x08006d5c   0x08006d5c   0x00000060   Code   RO          442    i.MX_FDCAN1_Init    main.o
    0x08006dbc   0x08006dbc   0x00000060   Code   RO          443    i.MX_FDCAN2_Init    main.o
    0x08006e1c   0x08006e1c   0x000000d8   Code   RO          444    i.MX_GPIO_Init      main.o
    0x08006ef4   0x08006ef4   0x00000054   Code   RO          445    i.MX_I2C1_Init      main.o
    0x08006f48   0x08006f48   0x00000054   Code   RO          446    i.MX_I2C2_Init      main.o
    0x08006f9c   0x08006f9c   0x00000054   Code   RO          447    i.MX_I2C3_Init      main.o
    0x08006ff0   0x08006ff0   0x00000054   Code   RO          448    i.MX_I2C4_Init      main.o
    0x08007044   0x08007044   0x00000054   Code   RO          449    i.MX_SPI4_Init      main.o
    0x08007098   0x08007098   0x00000070   Code   RO          450    i.MX_TIM12_Init     main.o
    0x08007108   0x08007108   0x00000078   Code   RO          451    i.MX_TIM1_Init      main.o
    0x08007180   0x08007180   0x00000070   Code   RO          452    i.MX_TIM2_Init      main.o
    0x080071f0   0x080071f0   0x00000074   Code   RO          453    i.MX_TIM3_Init      main.o
    0x08007264   0x08007264   0x00000074   Code   RO          454    i.MX_TIM4_Init      main.o
    0x080072d8   0x080072d8   0x00000074   Code   RO          455    i.MX_TIM5_Init      main.o
    0x0800734c   0x0800734c   0x00000078   Code   RO          456    i.MX_TIM8_Init      main.o
    0x080073c4   0x080073c4   0x00000064   Code   RO          457    i.MX_UART4_Init     main.o
    0x08007428   0x08007428   0x00000064   Code   RO          458    i.MX_UART5_Init     main.o
    0x0800748c   0x0800748c   0x00000064   Code   RO          459    i.MX_UART7_Init     main.o
    0x080074f0   0x080074f0   0x00000064   Code   RO          460    i.MX_UART8_Init     main.o
    0x08007554   0x08007554   0x00000064   Code   RO          461    i.MX_USART1_UART_Init  main.o
    0x080075b8   0x080075b8   0x00000064   Code   RO          462    i.MX_USART2_UART_Init  main.o
    0x0800761c   0x0800761c   0x00000064   Code   RO          463    i.MX_USART3_UART_Init  main.o
    0x08007680   0x08007680   0x00000002   Code   RO         1006    i.MemManage_Handler  stm32h7xx_it.o
    0x08007682   0x08007682   0x00000002   Code   RO         1007    i.NMI_Handler       stm32h7xx_it.o
    0x08007684   0x08007684   0x00000044   Code   RO          298    i.PID_Compute       3swervewheel.o
    0x080076c8   0x080076c8   0x00000120   Code   RO         1943    i.RCCEx_PLL2_Config  stm32h7xx_hal_rcc_ex.o
    0x080077e8   0x080077e8   0x00000120   Code   RO         1944    i.RCCEx_PLL3_Config  stm32h7xx_hal_rcc_ex.o
    0x08007908   0x08007908   0x00000018   Code   RO          464    i.ResetEn_0hRo      main.o
    0x08007920   0x08007920   0x00000018   Code   RO          465    i.ResetEn_10hRo     main.o
    0x08007938   0x08007938   0x00000014   Code   RO          466    i.ResetEn_2hChay    main.o
    0x0800794c   0x0800794c   0x00000018   Code   RO          467    i.ResetEn_4hRo      main.o
    0x08007964   0x08007964   0x00000018   Code   RO          468    i.ResetEn_8hChay    main.o
    0x0800797c   0x0800797c   0x00000018   Code   RO          469    i.ResetEn_8hRo      main.o
    0x08007994   0x08007994   0x0000001e   Code   RO          471    i.ResetEncoder_FULL  main.o
    0x080079b2   0x080079b2   0x0000000c   Code   RO          475    i.StartADCTask04    main.o
    0x080079be   0x080079be   0x00000002   PAD
    0x080079c0   0x080079c0   0x00000054   Code   RO          476    i.StartLCDTask05    main.o
    0x08007a14   0x08007a14   0x00000024   Code   RO          477    i.StartMainTask     main.o
    0x08007a38   0x08007a38   0x0000002c   Code   RO          478    i.StartSensorTask02  main.o
    0x08007a64   0x08007a64   0x00000060   Code   RO          479    i.StartSwerveTask03  main.o
    0x08007ac4   0x08007ac4   0x0000001a   Code   RO         7844    i.SysTick_Handler   cmsis_os2.o
    0x08007ade   0x08007ade   0x00000002   PAD
    0x08007ae0   0x08007ae0   0x000000dc   Code   RO          480    i.SystemClock_Config  main.o
    0x08007bbc   0x08007bbc   0x000000dc   Code   RO         6698    i.SystemInit        system_stm32h7xx.o
    0x08007c98   0x08007c98   0x0000003c   Code   RO         1008    i.TIM1_UP_IRQHandler  stm32h7xx_it.o
    0x08007cd4   0x08007cd4   0x0000003c   Code   RO         1009    i.TIM2_IRQHandler   stm32h7xx_it.o
    0x08007d10   0x08007d10   0x0000003c   Code   RO         1010    i.TIM3_IRQHandler   stm32h7xx_it.o
    0x08007d4c   0x08007d4c   0x0000003c   Code   RO         1011    i.TIM4_IRQHandler   stm32h7xx_it.o
    0x08007d88   0x08007d88   0x0000003c   Code   RO         1012    i.TIM5_IRQHandler   stm32h7xx_it.o
    0x08007dc4   0x08007dc4   0x00000014   Code   RO         1013    i.TIM7_IRQHandler   stm32h7xx_it.o
    0x08007dd8   0x08007dd8   0x0000003c   Code   RO         1014    i.TIM8_UP_TIM13_IRQHandler  stm32h7xx_it.o
    0x08007e14   0x08007e14   0x000000d0   Code   RO         5247    i.TIM_Base_SetConfig  stm32h7xx_hal_tim.o
    0x08007ee4   0x08007ee4   0x0000001a   Code   RO         5248    i.TIM_CCxChannelCmd  stm32h7xx_hal_tim.o
    0x08007efe   0x08007efe   0x00000002   PAD
    0x08007f00   0x08007f00   0x000000a4   Code   RO         5260    i.TIM_OC1_SetConfig  stm32h7xx_hal_tim.o
    0x08007fa4   0x08007fa4   0x00000098   Code   RO         5261    i.TIM_OC2_SetConfig  stm32h7xx_hal_tim.o
    0x0800803c   0x0800803c   0x00000098   Code   RO         5262    i.TIM_OC3_SetConfig  stm32h7xx_hal_tim.o
    0x080080d4   0x080080d4   0x00000078   Code   RO         5263    i.TIM_OC4_SetConfig  stm32h7xx_hal_tim.o
    0x0800814c   0x0800814c   0x00000074   Code   RO         5264    i.TIM_OC5_SetConfig  stm32h7xx_hal_tim.o
    0x080081c0   0x080081c0   0x00000074   Code   RO         5265    i.TIM_OC6_SetConfig  stm32h7xx_hal_tim.o
    0x08008234   0x08008234   0x00000044   Code   RO         6593    i.UARTEx_SetNbDataToProcess  stm32h7xx_hal_uart_ex.o
    0x08008278   0x08008278   0x000000c8   Code   RO         6202    i.UART_AdvFeatureConfig  stm32h7xx_hal_uart.o
    0x08008340   0x08008340   0x000000aa   Code   RO         6203    i.UART_CheckIdleState  stm32h7xx_hal_uart.o
    0x080083ea   0x080083ea   0x0000004e   Code   RO         6205    i.UART_DMAError     stm32h7xx_hal_uart.o
    0x08008438   0x08008438   0x00000082   Code   RO         6206    i.UART_DMAReceiveCplt  stm32h7xx_hal_uart.o
    0x080084ba   0x080084ba   0x00000020   Code   RO         6208    i.UART_DMARxHalfCplt  stm32h7xx_hal_uart.o
    0x080084da   0x080084da   0x00000040   Code   RO         6210    i.UART_DMATransmitCplt  stm32h7xx_hal_uart.o
    0x0800851a   0x0800851a   0x0000000a   Code   RO         6212    i.UART_DMATxHalfCplt  stm32h7xx_hal_uart.o
    0x08008524   0x08008524   0x00000054   Code   RO         6214    i.UART_EndRxTransfer  stm32h7xx_hal_uart.o
    0x08008578   0x08008578   0x0000002e   Code   RO         6215    i.UART_EndTxTransfer  stm32h7xx_hal_uart.o
    0x080085a6   0x080085a6   0x00000002   PAD
    0x080085a8   0x080085a8   0x000003ac   Code   RO         6220    i.UART_SetConfig    stm32h7xx_hal_uart.o
    0x08008954   0x08008954   0x000000a8   Code   RO         6221    i.UART_Start_Receive_DMA  stm32h7xx_hal_uart.o
    0x080089fc   0x080089fc   0x00000094   Code   RO         6227    i.UART_WaitOnFlagUntilTimeout  stm32h7xx_hal_uart.o
    0x08008a90   0x08008a90   0x00000002   Code   RO         1015    i.UsageFault_Handler  stm32h7xx_it.o
    0x08008a92   0x08008a92   0x00000030   Code   RO         8688    i.__ARM_fpclassify  m_wv.l(fpclassify.o)
    0x08008ac2   0x08008ac2   0x00000022   Code   RO         3163    i.__NVIC_SetPriority  stm32h7xx_hal_cortex.o
    0x08008ae4   0x08008ae4   0x00000004   PAD
    0x08008ae8   0x08008ae8   0x00000200   Code   RO         8651    i.__hardfp_atan     m_wv.l(atan.o)
    0x08008ce8   0x08008ce8   0x000001c8   Code   RO         8540    i.__hardfp_atan2    m_wv.l(atan2.o)
    0x08008eb0   0x08008eb0   0x000000b0   Code   RO         8552    i.__hardfp_cos      m_wv.l(cos.o)
    0x08008f60   0x08008f60   0x000000fc   Code   RO         8578    i.__hardfp_fmod     m_wv.l(fmod.o)
    0x0800905c   0x0800905c   0x00000004   PAD
    0x08009060   0x08009060   0x000008f8   Code   RO         8590    i.__hardfp_pow      m_wv.l(pow.o)
    0x08009958   0x08009958   0x000000b0   Code   RO         8604    i.__hardfp_sin      m_wv.l(sin.o)
    0x08009a08   0x08009a08   0x00000066   Code   RO         8616    i.__hardfp_sqrt     m_wv.l(sqrt.o)
    0x08009a6e   0x08009a6e   0x00000002   PAD
    0x08009a70   0x08009a70   0x00000310   Code   RO         8693    i.__ieee754_rem_pio2  m_wv.l(rred.o)
    0x08009d80   0x08009d80   0x000000e0   Code   RO         8665    i.__kernel_cos      m_wv.l(cos_i.o)
    0x08009e60   0x08009e60   0x00000070   Code   RO         8690    i.__kernel_poly     m_wv.l(poly.o)
    0x08009ed0   0x08009ed0   0x000000a8   Code   RO         8698    i.__kernel_sin      m_wv.l(sin_i.o)
    0x08009f78   0x08009f78   0x00000020   Code   RO         8668    i.__mathlib_dbl_divzero  m_wv.l(dunder.o)
    0x08009f98   0x08009f98   0x00000006   Code   RO         8669    i.__mathlib_dbl_infnan  m_wv.l(dunder.o)
    0x08009f9e   0x08009f9e   0x00000006   Code   RO         8670    i.__mathlib_dbl_infnan2  m_wv.l(dunder.o)
    0x08009fa4   0x08009fa4   0x00000004   PAD
    0x08009fa8   0x08009fa8   0x00000018   Code   RO         8671    i.__mathlib_dbl_invalid  m_wv.l(dunder.o)
    0x08009fc0   0x08009fc0   0x00000018   Code   RO         8672    i.__mathlib_dbl_overflow  m_wv.l(dunder.o)
    0x08009fd8   0x08009fd8   0x00000018   Code   RO         8674    i.__mathlib_dbl_underflow  m_wv.l(dunder.o)
    0x08009ff0   0x08009ff0   0x0000000e   Code   RO         8511    i._is_digit         c_w.l(__printf_wp.o)
    0x08009ffe   0x08009ffe   0x00000010   Code   RO         8653    i.atan              m_wv.l(atan.o)
    0x0800a00e   0x0800a00e   0x00000002   PAD
    0x0800a010   0x0800a010   0x00000060   Code   RO          481    i.calculateJoystickOutput  main.o
    0x0800a070   0x0800a070   0x00000010   Code   RO          482    i.chay3Banh         main.o
    0x0800a080   0x0800a080   0x0000006c   Code   RO          483    i.closestAngle      main.o
    0x0800a0ec   0x0800a0ec   0x0000000c   Code   RO          484    i.en_0hRo           main.o
    0x0800a0f8   0x0800a0f8   0x00000014   Code   RO          486    i.en_4hRo           main.o
    0x0800a10c   0x0800a10c   0x00000014   Code   RO          487    i.en_8hRo           main.o
    0x0800a120   0x0800a120   0x00000018   Code   RO         8684    i.fabs              m_wv.l(fabs.o)
    0x0800a138   0x0800a138   0x0000008c   Code   RO          302    i.findSection       3swervewheel.o
    0x0800a1c4   0x0800a1c4   0x00000078   Code   RO          490    i.gamePad           main.o
    0x0800a23c   0x0800a23c   0x0000004c   Code   RO          491    i.get_Gamepad_Bluetouch  main.o
    0x0800a288   0x0800a288   0x000002e4   Code   RO          493    i.lcdViewer         main.o
    0x0800a56c   0x0800a56c   0x00000034   Code   RO           27    i.lcd_printInt      i2c_lcd.o
    0x0800a5a0   0x0800a5a0   0x00000020   Code   RO           28    i.lcd_printStr      i2c_lcd.o
    0x0800a5c0   0x0800a5c0   0x0000020c   Code   RO          494    i.main              main.o
    0x0800a7cc   0x0800a7cc   0x00000014   Code   RO          495    i.map               main.o
    0x0800a7e0   0x0800a7e0   0x00000012   Code   RO          496    i.modulo            main.o
    0x0800a7f2   0x0800a7f2   0x00000002   PAD
    0x0800a7f4   0x0800a7f4   0x00000024   Code   RO          497    i.motor0hRo         main.o
    0x0800a818   0x0800a818   0x00000024   Code   RO          498    i.motor4hRo         main.o
    0x0800a83c   0x0800a83c   0x00000024   Code   RO          499    i.motor8hRo         main.o
    0x0800a860   0x0800a860   0x0000001c   Code   RO         7846    i.osDelay           cmsis_os2.o
    0x0800a87c   0x0800a87c   0x00000024   Code   RO         7860    i.osKernelInitialize  cmsis_os2.o
    0x0800a8a0   0x0800a8a0   0x00000038   Code   RO         7863    i.osKernelStart     cmsis_os2.o
    0x0800a8d8   0x0800a8d8   0x00000090   Code   RO         7905    i.osThreadNew       cmsis_os2.o
    0x0800a968   0x0800a968   0x0000005c   Code   RO         7305    i.prvAddCurrentTaskToDelayedList  tasks.o
    0x0800a9c4   0x0800a9c4   0x000000d0   Code   RO         7306    i.prvAddNewTaskToReadyList  tasks.o
    0x0800aa94   0x0800aa94   0x00000058   Code   RO         7670    i.prvCheckForValidListAndQueue  timers.o
    0x0800aaec   0x0800aaec   0x00000026   Code   RO         6902    i.prvCopyDataFromQueue  queue.o
    0x0800ab12   0x0800ab12   0x0000006c   Code   RO         6903    i.prvCopyDataToQueue  queue.o
    0x0800ab7e   0x0800ab7e   0x00000034   Code   RO         7307    i.prvDeleteTCB      tasks.o
    0x0800abb2   0x0800abb2   0x00000002   PAD
    0x0800abb4   0x0800abb4   0x00000050   Code   RO         8357    i.prvHeapInit       heap_4.o
    0x0800ac04   0x0800ac04   0x00000060   Code   RO         7308    i.prvIdleTask       tasks.o
    0x0800ac64   0x0800ac64   0x00000022   Code   RO         6905    i.prvInitialiseNewQueue  queue.o
    0x0800ac86   0x0800ac86   0x000000b0   Code   RO         7309    i.prvInitialiseNewTask  tasks.o
    0x0800ad36   0x0800ad36   0x00000002   PAD
    0x0800ad38   0x0800ad38   0x0000004c   Code   RO         8358    i.prvInsertBlockIntoFreeList  heap_4.o
    0x0800ad84   0x0800ad84   0x0000003c   Code   RO         7672    i.prvInsertTimerInActiveList  timers.o
    0x0800adc0   0x0800adc0   0x0000001c   Code   RO         6906    i.prvIsQueueEmpty   queue.o
    0x0800addc   0x0800addc   0x000000f8   Code   RO         7673    i.prvProcessReceivedCommands  timers.o
    0x0800aed4   0x0800aed4   0x000000c0   Code   RO         7674    i.prvProcessTimerOrBlockTask  timers.o
    0x0800af94   0x0800af94   0x00000020   Code   RO         7311    i.prvResetNextTaskUnblockTime  tasks.o
    0x0800afb4   0x0800afb4   0x00000028   Code   RO         7675    i.prvSampleTimeNow  timers.o
    0x0800afdc   0x0800afdc   0x0000006c   Code   RO         7676    i.prvSwitchTimerLists  timers.o
    0x0800b048   0x0800b048   0x00000028   Code   RO         8413    i.prvTaskExitError  port.o
    0x0800b070   0x0800b070   0x00000024   Code   RO         7677    i.prvTimerTask      timers.o
    0x0800b094   0x0800b094   0x0000006a   Code   RO         6907    i.prvUnlockQueue    queue.o
    0x0800b0fe   0x0800b0fe   0x00000002   PAD
    0x0800b100   0x0800b100   0x00000018   Code   RO         1275    i.putchar4          ala_config.o
    0x0800b118   0x0800b118   0x000000dc   Code   RO         8359    i.pvPortMalloc      heap_4.o
    0x0800b1f4   0x0800b1f4   0x00000030   Code   RO         8414    i.pxPortInitialiseStack  port.o
    0x0800b224   0x0800b224   0x000000ac   Code   RO          503    i.quayGoc0h         main.o
    0x0800b2d0   0x0800b2d0   0x0000001a   Code   RO          504    i.quayGoc3Banh      main.o
    0x0800b2ea   0x0800b2ea   0x00000002   PAD
    0x0800b2ec   0x0800b2ec   0x000000ac   Code   RO          505    i.quayGoc4h         main.o
    0x0800b398   0x0800b398   0x000000ac   Code   RO          506    i.quayGoc8h         main.o
    0x0800b444   0x0800b444   0x00000024   Code   RO          507    i.quyDoiEncoder     main.o
    0x0800b468   0x0800b468   0x00000010   Code   RO          304    i.robotAngle        3swervewheel.o
    0x0800b478   0x0800b478   0x00000104   Code   RO          306    i.robotRun          3swervewheel.o
    0x0800b57c   0x0800b57c   0x00000010   Code   RO          307    i.robotStop         3swervewheel.o
    0x0800b58c   0x0800b58c   0x00000028   Code   RO          310    i.runSnake          3swervewheel.o
    0x0800b5b4   0x0800b5b4   0x00000006   Code   RO         1284    i.sendData_Gamepad_Grygo  ala_config.o
    0x0800b5ba   0x0800b5ba   0x00000002   PAD
    0x0800b5bc   0x0800b5bc   0x00000044   Code   RO          509    i.setDirection0h    main.o
    0x0800b600   0x0800b600   0x00000044   Code   RO          510    i.setDirection4h    main.o
    0x0800b644   0x0800b644   0x00000044   Code   RO          511    i.setDirection8h    main.o
    0x0800b688   0x0800b688   0x0000002c   Code   RO          512    i.signum            main.o
    0x0800b6b4   0x0800b6b4   0x0000006a   Code   RO         8618    i.sqrt              m_wv.l(sqrt.o)
    0x0800b71e   0x0800b71e   0x00000002   PAD
    0x0800b720   0x0800b720   0x00000248   Code   RO          312    i.tinhToanGoc       3swervewheel.o
    0x0800b968   0x0800b968   0x0000003c   Code   RO          513    i.update_accumulated_yaw  main.o
    0x0800b9a4   0x0800b9a4   0x0000010c   Code   RO          514    i.update_encoder_value  main.o
    0x0800bab0   0x0800bab0   0x00000026   Code   RO         6862    i.uxListRemove      list.o
    0x0800bad6   0x0800bad6   0x00000002   PAD
    0x0800bad8   0x0800bad8   0x00000018   Code   RO         7917    i.vApplicationGetIdleTaskMemory  cmsis_os2.o
    0x0800baf0   0x0800baf0   0x00000018   Code   RO         7918    i.vApplicationGetTimerTaskMemory  cmsis_os2.o
    0x0800bb08   0x0800bb08   0x00000016   Code   RO         6863    i.vListInitialise   list.o
    0x0800bb1e   0x0800bb1e   0x00000006   Code   RO         6864    i.vListInitialiseItem  list.o
    0x0800bb24   0x0800bb24   0x00000030   Code   RO         6865    i.vListInsert       list.o
    0x0800bb54   0x0800bb54   0x00000018   Code   RO         6866    i.vListInsertEnd    list.o
    0x0800bb6c   0x0800bb6c   0x00000040   Code   RO         8416    i.vPortEnterCritical  port.o
    0x0800bbac   0x0800bbac   0x00000028   Code   RO         8417    i.vPortExitCritical  port.o
    0x0800bbd4   0x0800bbd4   0x00000064   Code   RO         8360    i.vPortFree         heap_4.o
    0x0800bc38   0x0800bc38   0x00000024   Code   RO         8418    i.vPortSetupTimerInterrupt  port.o
    0x0800bc5c   0x0800bc5c   0x00000054   Code   RO         8419    i.vPortValidateInterruptPriority  port.o
    0x0800bcb0   0x0800bcb0   0x00000028   Code   RO         6913    i.vQueueAddToRegistry  queue.o
    0x0800bcd8   0x0800bcd8   0x00000044   Code   RO         6917    i.vQueueWaitForMessageRestricted  queue.o
    0x0800bd1c   0x0800bd1c   0x0000004c   Code   RO         7324    i.vTaskDelay        tasks.o
    0x0800bd68   0x0800bd68   0x00000010   Code   RO         7329    i.vTaskInternalSetTimeOutState  tasks.o
    0x0800bd78   0x0800bd78   0x0000000c   Code   RO         7330    i.vTaskMissedYield  tasks.o
    0x0800bd84   0x0800bd84   0x00000030   Code   RO         7332    i.vTaskPlaceOnEventList  tasks.o
    0x0800bdb4   0x0800bdb4   0x00000038   Code   RO         7333    i.vTaskPlaceOnEventListRestricted  tasks.o
    0x0800bdec   0x0800bdec   0x00000088   Code   RO         7341    i.vTaskStartScheduler  tasks.o
    0x0800be74   0x0800be74   0x00000010   Code   RO         7343    i.vTaskSuspendAll   tasks.o
    0x0800be84   0x0800be84   0x00000064   Code   RO         7344    i.vTaskSwitchContext  tasks.o
    0x0800bee8   0x0800bee8   0x00000154   Code   RO          515    i.veHome            main.o
    0x0800c03c   0x0800c03c   0x000000f4   Code   RO         8420    i.xPortStartScheduler  port.o
    0x0800c130   0x0800c130   0x0000002c   Code   RO         8421    i.xPortSysTickHandler  port.o
    0x0800c15c   0x0800c15c   0x00000066   Code   RO         6923    i.xQueueGenericCreateStatic  queue.o
    0x0800c1c2   0x0800c1c2   0x00000002   PAD
    0x0800c1c4   0x0800c1c4   0x00000094   Code   RO         6924    i.xQueueGenericReset  queue.o
    0x0800c258   0x0800c258   0x00000160   Code   RO         6925    i.xQueueGenericSend  queue.o
    0x0800c3b8   0x0800c3b8   0x000000be   Code   RO         6926    i.xQueueGenericSendFromISR  queue.o
    0x0800c476   0x0800c476   0x00000002   PAD
    0x0800c478   0x0800c478   0x0000013c   Code   RO         6935    i.xQueueReceive     queue.o
    0x0800c5b4   0x0800c5b4   0x00000078   Code   RO         7346    i.xTaskCheckForTimeOut  tasks.o
    0x0800c62c   0x0800c62c   0x0000005a   Code   RO         7347    i.xTaskCreate       tasks.o
    0x0800c686   0x0800c686   0x00000056   Code   RO         7348    i.xTaskCreateStatic  tasks.o
    0x0800c6dc   0x0800c6dc   0x0000001c   Code   RO         7352    i.xTaskGetSchedulerState  tasks.o
    0x0800c6f8   0x0800c6f8   0x0000000c   Code   RO         7353    i.xTaskGetTickCount  tasks.o
    0x0800c704   0x0800c704   0x000000c8   Code   RO         7355    i.xTaskIncrementTick  tasks.o
    0x0800c7cc   0x0800c7cc   0x0000007c   Code   RO         7358    i.xTaskPriorityDisinherit  tasks.o
    0x0800c848   0x0800c848   0x00000070   Code   RO         7360    i.xTaskRemoveFromEventList  tasks.o
    0x0800c8b8   0x0800c8b8   0x000000c4   Code   RO         7361    i.xTaskResumeAll    tasks.o
    0x0800c97c   0x0800c97c   0x00000060   Code   RO         7686    i.xTimerCreateTimerTask  timers.o
    0x0800c9dc   0x0800c9dc   0x00000068   Code   RO         7687    i.xTimerGenericCommand  timers.o
    0x0800ca44   0x0800ca44   0x00000010   Code   RO         8765    x$fpl$dcheck1       fz_wv.l(dcheck1.o)
    0x0800ca54   0x0800ca54   0x0000009c   Code   RO         8767    x$fpl$dnaninf       fz_wv.l(dnaninf.o)
    0x0800caf0   0x0800caf0   0x00000150   Code   RO         8646    x$fpl$drem          fz_wv.l(drem_clz.o)
    0x0800cc40   0x0800cc40   0x0000000a   Code   RO         8847    x$fpl$fpinit        fz_wv.l(fpinit.o)
    0x0800cc4a   0x0800cc4a   0x00000064   Code   RO         8835    x$fpl$retnan        fz_wv.l(retnan.o)
    0x0800ccae   0x0800ccae   0x0000005c   Code   RO         8648    x$fpl$scalbn        fz_wv.l(scalbn.o)
    0x0800cd0a   0x0800cd0a   0x00000030   Code   RO         8849    x$fpl$trapveneer    fz_wv.l(trapv.o)
    0x0800cd3a   0x0800cd3a   0x00000000   Code   RO         8650    x$fpl$usenofp       fz_wv.l(usenofp.o)
    0x0800cd3a   0x0800cd3a   0x00000002   PAD
    0x0800cd3c   0x0800cd3c   0x000000b4   Data   RO          525    .constdata          main.o
    0x0800cdf0   0x0800cdf0   0x00000008   Data   RO         2452    .constdata          stm32h7xx_hal_dma.o
    0x0800cdf8   0x0800cdf8   0x0000005c   Data   RO         4305    .constdata          stm32h7xx_hal_fdcan.o
    0x0800ce54   0x0800ce54   0x00000018   Data   RO         6228    .constdata          stm32h7xx_hal_uart.o
    0x0800ce6c   0x0800ce6c   0x00000010   Data   RO         6594    .constdata          stm32h7xx_hal_uart_ex.o
    0x0800ce7c   0x0800ce7c   0x00000010   Data   RO         6699    .constdata          system_stm32h7xx.o
    0x0800ce8c   0x0800ce8c   0x00000011   Data   RO         8514    .constdata          c_w.l(__printf_flags_wp.o)
    0x0800ce9d   0x0800ce9d   0x00000003   PAD
    0x0800cea0   0x0800cea0   0x00000088   Data   RO         8593    .constdata          m_wv.l(pow.o)
    0x0800cf28   0x0800cf28   0x00000098   Data   RO         8654    .constdata          m_wv.l(atan.o)
    0x0800cfc0   0x0800cfc0   0x00000030   Data   RO         8666    .constdata          m_wv.l(cos_i.o)
    0x0800cff0   0x0800cff0   0x00000008   Data   RO         8692    .constdata          m_wv.l(qnan.o)
    0x0800cff8   0x0800cff8   0x000000c8   Data   RO         8695    .constdata          m_wv.l(rred.o)
    0x0800d0c0   0x0800d0c0   0x00000028   Data   RO         8699    .constdata          m_wv.l(sin_i.o)
    0x0800d0e8   0x0800d0e8   0x00000041   Data   RO          526    .conststring        main.o
    0x0800d129   0x0800d129   0x00000003   PAD
    0x0800d12c   0x0800d12c   0x00000020   Data   RO         8920    Region$$Table       anon$$obj.o


    Execution Region RW_IRAM1 (Exec base: 0x20000000, Load base: 0x0800d14c, Size: 0x00000000, Max: 0x00020000, ABSOLUTE)

    **** No section assigned to this execution region ****


    Execution Region RW_IRAM2 (Exec base: 0x24000000, Load base: 0x0800d14c, Size: 0x00005e48, Max: 0x00080000, ABSOLUTE, COMPRESSED[0x00000058])

    Exec Addr    Load Addr    Size         Type   Attr      Idx    E Section Name        Object

    0x24000000   COMPRESSED   0x00000080   Data   RW          315    .data               3swervewheel.o
    0x24000080   COMPRESSED   0x000000b4   Data   RW          549    .data               main.o
    0x24000134   COMPRESSED   0x00000002   Data   RW          573    .data               main.o
    0x24000136   COMPRESSED   0x00000001   Data   RW         1016    .data               stm32h7xx_it.o
    0x24000137   COMPRESSED   0x00000001   PAD
    0x24000138   COMPRESSED   0x00000004   Data   RW         1135    .data               stm32h7xx_hal_msp.o
    0x2400013c   COMPRESSED   0x00000068   Data   RW         1286    .data               ala_config.o
    0x240001a4   COMPRESSED   0x0000000c   Data   RW         3343    .data               stm32h7xx_hal.o
    0x240001b0   COMPRESSED   0x00000008   Data   RW         6700    .data               system_stm32h7xx.o
    0x240001b8   COMPRESSED   0x0000003c   Data   RW         7364    .data               tasks.o
    0x240001f4   COMPRESSED   0x00000014   Data   RW         7695    .data               timers.o
    0x24000208   COMPRESSED   0x00000004   Data   RW         7920    .data               cmsis_os2.o
    0x2400020c   COMPRESSED   0x00000020   Data   RW         8366    .data               heap_4.o
    0x2400022c   COMPRESSED   0x0000000c   Data   RW         8422    .data               port.o
    0x24000238        -       0x0000000c   Zero   RW           29    .bss                i2c_lcd.o
    0x24000244        -       0x00000a2c   Zero   RW          517    .bss                main.o
    0x24000c70        -       0x00000078   Zero   RW          520    .bss                main.o
    0x24000ce8        -       0x00000078   Zero   RW          521    .bss                main.o
    0x24000d60        -       0x00000078   Zero   RW          522    .bss                main.o
    0x24000dd8        -       0x00000078   Zero   RW          523    .bss                main.o
    0x24000e50        -       0x00000078   Zero   RW          524    .bss                main.o
    0x24000ec8        -       0x0000004c   Zero   RW         1239    .bss                stm32h7xx_hal_timebase_tim.o
    0x24000f14        -       0x00000040   Zero   RW         6939    .bss                queue.o
    0x24000f54        -       0x000004c4   Zero   RW         7363    .bss                tasks.o
    0x24001418        -       0x00000118   Zero   RW         7694    .bss                timers.o
    0x24001530        -       0x000006b8   Zero   RW         7919    .bss                cmsis_os2.o
    0x24001be8        -       0x00003c00   Zero   RW         8365    .bss                heap_4.o
    0x240057e8        -       0x00000060   Zero   RW         8772    .bss                c_w.l(libspace.o)
    0x24005848        -       0x00000200   Zero   RW            2    HEAP                startup_stm32h750xx.o
    0x24005a48        -       0x00000400   Zero   RW            1    STACK               startup_stm32h750xx.o


==============================================================================

Image component sizes


      Code (inc. data)   RO Data    RW Data    ZI Data      Debug   Object Name

      1124        102          0        128          0       8567   3swervewheel.o
        30          6          0        104          0       2148   ala_config.o
       338         22          0          4       1720      71715   cmsis_os2.o
         0          0          0          0          0      19628   event_groups.o
       476         24          0         32      15360       5179   heap_4.o
       480         20          0          0         12    1418413   i2c_lcd.o
       138          0          0          0          0       3874   list.o
      6842        830        245        182       3204      51011   main.o
       790         84          0         12          0      11977   port.o
      1530         22          0          0         64      18036   queue.o
        64         26        664          0       1536        872   startup_stm32h750xx.o
       132         32          0         12          0      22297   stm32h7xx_hal.o
      2440        206          0          0          0      75682   stm32h7xx_hal_adc.o
       304         22          0          0          0      63231   stm32h7xx_hal_adc_ex.o
       350         28          0          0          0      42098   stm32h7xx_hal_cortex.o
      4968        218          8          0          0      11140   stm32h7xx_hal_dma.o
      1036         18         92          0          0       4785   stm32h7xx_hal_fdcan.o
       960         94          0          0          0       4730   stm32h7xx_hal_gpio.o
      1182         22          0          0          0      10009   stm32h7xx_hal_i2c.o
       172          0          0          0          0       2175   stm32h7xx_hal_i2c_ex.o
      3072        294          0          4          0      11108   stm32h7xx_hal_msp.o
        84          6          0          0          0        817   stm32h7xx_hal_pwr_ex.o
      2558        110          0          0          0       8109   stm32h7xx_hal_rcc.o
      4776        174          0          0          0      10835   stm32h7xx_hal_rcc_ex.o
       380         14          0          0          0       1775   stm32h7xx_hal_spi.o
      2350        224          0          0          0      17242   stm32h7xx_hal_tim.o
       170         30          0          0          0       3380   stm32h7xx_hal_tim_ex.o
       140         20          0          0         76       1691   stm32h7xx_hal_timebase_tim.o
      2650        142         24          0          0      38266   stm32h7xx_hal_uart.o
       284          6         16          0          0       3969   stm32h7xx_hal_uart_ex.o
       672        126          0          1          0       8697   stm32h7xx_it.o
         0          0          0          0          0        448   stream_buffer.o
       220         40         16          8          0       1614   system_stm32h7xx.o
      2084        162          0         60       1220      27792   tasks.o
       972         84          0         20        280      32731   timers.o

    ----------------------------------------------------------------------
     43816       3208       1100        568      23472    2016041   Object Totals
         0          0         32          0          0          0   (incl. Generated)
        48          0          3          1          0          0   (incl. Padding)

    ----------------------------------------------------------------------

      Code (inc. data)   RO Data    RW Data    ZI Data      Debug   Library Member Name

        58          0          0          0          0          0   __dczerorl.o
         8          0          0          0          0         68   __main.o
       312          4         17          0          0         92   __printf_flags_wp.o
        14          0          0          0          0         68   __printf_wp.o
         0          0          0          0          0          0   __rtentry.o
        12          0          0          0          0          0   __rtentry2.o
         6          0          0          0          0          0   __rtentry4.o
        52          8          0          0          0          0   __scatter.o
        28          0          0          0          0          0   __scatter_zi.o
        48          6          0          0          0         96   _printf_char_common.o
       120         16          0          0          0         92   _printf_dec.o
         6          0          0          0          0          0   _printf_i.o
       178          0          0          0          0         88   _printf_intcommon.o
         0          0          0          0          0          0   _printf_percent.o
         4          0          0          0          0          0   _printf_percent_end.o
        22          0          0          0          0        100   _rserrno.o
        10          0          0          0          0         68   _sputc.o
        16          0          0          0          0         68   aeabi_memset.o
        18          0          0          0          0         80   exit.o
         6          0          0          0          0        152   heapauxi.o
         0          0          0          0          0          0   indicate_semi.o
         2          0          0          0          0          0   libinit.o
         6          0          0          0          0          0   libinit2.o
         2          0          0          0          0          0   libshutdown.o
         2          0          0          0          0          0   libshutdown2.o
         8          4          0          0         96         68   libspace.o
       238          0          0          0          0        100   lludivv7m.o
        40          6          0          0          0         84   noretval__2sprintf.o
         8          4          0          0          0         68   rt_errno_addr_intlibspace.o
        68          0          0          0          0         68   rt_memclr.o
        78          0          0          0          0         80   rt_memclr_w.o
       138          0          0          0          0         68   rt_memcpy_v6.o
       100          0          0          0          0         80   rt_memcpy_w.o
         2          0          0          0          0          0   rtexit.o
        10          0          0          0          0          0   rtexit2.o
        12          4          0          0          0         68   sys_exit.o
        74          0          0          0          0         80   sys_stackheap_outer.o
         2          0          0          0          0         68   use_no_semi.o
        16          4          0          0          0        116   dcheck1.o
       156          4          0          0          0        140   dnaninf.o
       336         12          0          0          0        136   drem_clz.o
        10          0          0          0          0        116   fpinit.o
       100          0          0          0          0        116   retnan.o
        92          0          0          0          0        116   scalbn.o
        48          0          0          0          0        116   trapv.o
         0          0          0          0          0          0   usenofp.o
       528        110        152          0          0        348   atan.o
       456         64          0          0          0        188   atan2.o
       176         18          0          0          0        156   cos.o
       224         42         48          0          0        184   cos_i.o
       116         60          0          0          0        696   dunder.o
        24          0          0          0          0        124   fabs.o
       252          6          0          0          0        144   fmod.o
        48          0          0          0          0        124   fpclassify.o
       112          0          0          0          0        116   poly.o
      2296        304        136          0          0        320   pow.o
         0          0          8          0          0          0   qnan.o
       784        138        200          0          0        172   rred.o
       176         18          0          0          0        160   sin.o
       168         24         40          0          0        196   sin_i.o
       208          0          0          0          0        280   sqrt.o

    ----------------------------------------------------------------------
      8060        860        604          0         96       5868   Library Totals
        26          4          3          0          0          0   (incl. Padding)

    ----------------------------------------------------------------------

      Code (inc. data)   RO Data    RW Data    ZI Data      Debug   Library Name

      1708         52         17          0         96       1804   c_w.l
       758         20          0          0          0        856   fz_wv.l
      5568        784        584          0          0       3208   m_wv.l

    ----------------------------------------------------------------------
      8060        860        604          0         96       5868   Library Totals

    ----------------------------------------------------------------------

==============================================================================


      Code (inc. data)   RO Data    RW Data    ZI Data      Debug   

     51876       4068       1704        568      23568    1989773   Grand Totals
     51876       4068       1704         88      23568    1989773   ELF Image Totals (compressed)
     51876       4068       1704         88          0          0   ROM Totals

==============================================================================

    Total RO  Size (Code + RO Data)                53580 (  52.32kB)
    Total RW  Size (RW Data + ZI Data)             24136 (  23.57kB)
    Total ROM Size (Code + RO Data + RW Data)      53668 (  52.41kB)

==============================================================================

