<html>
<body>
<pre>
<h1>µVision Build Log</h1>
<h2>Tool Versions:</h2>
IDE-Version: µVision V5.40.0.0
Copyright (C) 2024 ARM Ltd and ARM Germany GmbH. All rights reserved.
License Information: vu vu, vu, LIC=76F5U-S8CMS-IIQ5V-PWIRR-4SU46-DFYQT
 
Tool Versions:
Toolchain:       MDK-ARM Plus  Version: 5.40.0.3
Toolchain Path:  C:\Users\PhongVu\AppData\Local\Keil_v5\ARM\ARMCC\Bin
C Compiler:      Armcc.exe V5.06 update 7 (build 960)
Assembler:       Armasm.exe V5.06 update 7 (build 960)
Linker/Locator:  ArmLink.exe V5.06 update 7 (build 960)
Library Manager: ArmAr.exe V5.06 update 7 (build 960)
Hex Converter:   FromElf.exe V5.06 update 7 (build 960)
CPU DLL:         SARMCM3.DLL V5.40.0.3
Dialog DLL:      DCM.DLL V1.17.5.0
Target DLL:      STLink\ST-LINKIII-KEIL_SWO.dll V3.3.0.0
Dialog DLL:      TCM.DLL V1.56.4.0
 
<h2>Project:</h2>
E:\Robocon\2025\Code\CodeMainVer4\v1\Robot_2025_H7\Robot_2025_H7\MDK-ARM\robot2025H750.uvprojx
Project File Date:  11/04/2024

<h2>Output:</h2>
*** Using Compiler 'V5.06 update 7 (build 960)', folder: 'C:\Users\PhongVu\AppData\Local\Keil_v5\ARM\ARMCC\Bin'
Build target 'robot2025H750'
compiling main.c...
../Core/Inc/4SwerveWheel.h(38): warning:  #1295-D: Deprecated declaration runGrab - give arg types
  void runGrab();
../Core/Inc/4SwerveWheel.h(39): warning:  #1295-D: Deprecated declaration stop_rotation - give arg types
  void stop_rotation();
../Core/Inc/4SwerveWheel.h(40): warning:  #1-D: last line of file ends without a newline
  void runAngle(int goc, int tocDoChay, int tocDoXoay);
../Core/Inc/BasicFunction.h(412): warning:  #223-D: function "run_read_gyro_uart4" declared implicitly
  	run_read_gyro_uart4();
../Core/Inc/BasicFunction.h(510): warning:  #1035-D: single-precision operand implicitly converted to double-precision
      if (x > 0.0) return 1.0;
../Core/Inc/BasicFunction.h(511): warning:  #1035-D: single-precision operand implicitly converted to double-precision
      else if (x < 0.0) return -1.0;
../Core/Inc/BasicFunction.h(814): warning:  #223-D: function "robotRun" declared implicitly
  		else robotRun(angle, mapToc);
../Core/Inc/BasicFunction.h(858): warning:  #1-D: last line of file ends without a newline
  }
../Core/Inc/3SwerveWheel.h(54): warning:  #1295-D: Deprecated declaration runGrab - give arg types
  void runGrab();
../Core/Inc/3SwerveWheel.h(55): warning:  #1295-D: Deprecated declaration stop_rotation - give arg types
  void stop_rotation();
../Core/Inc/3SwerveWheel.h(56): warning:  #1-D: last line of file ends without a newline
  void runAngle(int goc, int tocDoChay, int tocDoXoay);
../Core/Inc/3SwerveWheel.h(54): warning:  #1295-D: Deprecated declaration runGrab - give arg types
  void runGrab();
../Core/Inc/3SwerveWheel.h(55): warning:  #1295-D: Deprecated declaration stop_rotation - give arg types
  void stop_rotation();
../Core/Inc/3SwerveWheel.h(56): warning:  #1-D: last line of file ends without a newline
  void runAngle(int goc, int tocDoChay, int tocDoXoay);
../Core/Src/main.c(245): warning:  #167-D: argument of type "char *" is incompatible with parameter of type "uint8_t *"
  	HAL_UART_Receive_DMA(&huart3, MANG_GAME, 8);		// Khai bao cap nhat mang cho gamePad
../Core/Src/main.c(1709): warning:  #177-D: variable "bienXoay"  was declared but never referenced
  	int bienXoay = 0;
../Core/Src/main.c: 16 warnings, 0 errors
linking...
Program Size: Code=51876 RO-data=1704 RW-data=568 ZI-data=23568  
FromELF: creating hex file...
"robot2025H750\robot2025H750.axf" - 0 Error(s), 16 Warning(s).

<h2>Software Packages used:</h2>

Package Vendor: ARM
                https://www.keil.com/pack/ARM.CMSIS.6.1.0.pack
                ARM::CMSIS@6.1.0
                CMSIS (Common Microcontroller Software Interface Standard)
   * Component: CORE Version: 6.1.0

Package Vendor: Keil
                https://www.keil.com/pack/Keil.STM32H7xx_DFP.3.1.1.pack
                Keil::STM32H7xx_DFP@3.1.1
                STMicroelectronics STM32H7 Series Device Support and Examples

<h2>Collection of Component include folders:</h2>
  ./RTE/_robot2025H750
  C:/Users/PhongVu/AppData/Local/Arm/Packs/ARM/CMSIS/6.1.0/CMSIS/Core/Include
  C:/Users/PhongVu/AppData/Local/Arm/Packs/Keil/STM32H7xx_DFP/3.1.1/Drivers/CMSIS/Device/ST/STM32H7xx/Include

<h2>Collection of Component Files used:</h2>

   * Component: ARM::CMSIS:CORE@6.1.0
      Include file:  CMSIS/Core/Include/tz_context.h
Build Time Elapsed:  00:00:06
</pre>
</body>
</html>
